##################################################################################
#
#   CONVERTER      : Converter selection
#                    0 : SBCS translation by MAP_A2F and MAP_F2A mapping
#                        Other option than MAP_A2F and MAP_F2A will be ignored.
#                    1 : converter is ICU (ICU instalation is required)
#                    2 : converter is iconv(Linux) or WideCharToMultibyte/MultiByteToWideChar(Windows)
#
#                    For 1 and 2, apply CHARSET_DBCS, CHARSET_DBCS (LOCAL_CHARSET)
#                    with  optional adjustment by MAP_E2A and MAP_A2E.
#                    MAP_A2F and MAP_F2A will be ignored.
#                      sample
#                         CONVERTER   1           # apply converter
#   ICU_DLL_SUFFIX : .dll/.so library name sufix.
#                    This is required if "CONVERTER 1".
#                    Required when following default is not proper.
#                       Android     : /system/lib
#                       Linux       : /usr/local/lib:usr/lib:$(LD_LIBRARY_PATH)
#                       Linux-64    : /usr/local/lib64:usr/lib64:$(LD_LIBRARY_PATH)
#                       Windows     : GetSystemDirectory();GetWindowsDirectory();$(PATH)
#                                     ex)     GetSystemDirectory() : c:\Windows\system32
#                                             GetWindowsDirectory(): c:\Windows
#                      sample
#                         ICU_DLL_SUFFIX 40          # if dllname is icuuc40.dll
#   ICU_API_SUFFIX : ICU api name sufix.
#                    This is required if "CONVERTER 1".
#                    Required when default dll/so library is not available.
#                    For ex, real name of "ucnv_open" is ucnv_open_4_0 on icuuc40.dll
#                      sample
#                         ICU_API_SUFFIX _4_0        # if dllname is icuuc40.dll
#                    See followings if you have source package.(ICU v44)
#                         $(icu)/source/common/unicode/uvernum.h
#                             #define        U_ICU_VERSION_SHORT         "44"
#                             #define        U_ICU_ENTRY_POINT_RENAME(x)  x ## _44
#                    Or, check in the libicuuc.so(libicuuc.dll) by binary editor.
#
#   ICU_DATA       : Use when you installed your own converter(.cnv file)
#                     ex)ICU_DATA /system/usr/icu:/data/data/yourcnvs
#                    Put your cnv file into sub-folder yourcnvs/icudt__l  ; __ is version like as icudt44l.
#
#   DBCS_CHARSET   : Defines EBCDIC charset name to translate UCS<-->EBCDIC which supports DBCS.
#                    You can get the list of charset by "uconv -l" (ICU), "iconv -l"(iconv).
#                    If missing this parameter All chars are translated byte by byte.
#                    (Note) DBCS=OTHER parameter in the xehosts file is required for xe3270 FTP.
#                      sample
#                         DBCS_CHARSET cp939     #Japanese
#                         DBCS_CHARSET cp933     #Korean Mixed EBCDIC
#                         DBCS_CHARSET cp935     #Chinese(Simplified) Mixed EBCDIC
#                         DBCS_CHARSET cp937     #Chinese(Traditional)Mixed EBCDIC
#   SBCS_CHARSET   : Defines EBCDIC charset name to translate UCS2<-->EBCDIC
#                    You can get the list of charset by "uconv -l" (ICU), "iconv -l"(iconv).
#                    If DBCS_CHARSET can translate also SBCS,no need to specify SBCS_CHARSET.
#                    "DEFAULTMAP" means to use internal mapping table cotrresponding to
#                    iso8859-1<-->EBCDIC US same as IBM37,swaplfnl.
#                    ibm37,swaplfnl is s390 standard.
#                      EBCDIC-0x25<-->ASCII-0x85, EBCDIC-0x15<-->ASCII<-->0x0a
#                      sample
#                         SBCS_CHARSET CP037          #use external converter
#                         SBCS_CHARSET DEFAULTMAP     #use internal map corresponding to ISO-8859-1 and CP037
#   LOCAL_CHARSET  : defines local charset name to translate UCS2<-->local codepage
#                    If SBCS_CHARSET is DEFAULTMAP,this parameter is ignored
#                    If missing, Codepage is determined by environment valiable(LANG,codepage).
#                    For Axe, ICU is used.
#                      sample
#                         LOCAL_CHARSET ISO-8859-1     #use external converter
#                         LOCAL_CHARSET SHIFT_JISX0213 #for iconv,0xe0-0xfc is not DBCS if "SJIS" is specified
#   MAP_E2A/MAP_A2E: mapping to adjust SBCS translation for each codepoint.
#                    For ex,. 0x7e is tilde on iso-8859-1 upper-bar on cp897.
#                    And 0xa0 is upper-bar and 0xa1 is tilede on CP1027(EBCDIC),
#                    0xa1 is upper-bar and 0xa0 is tilede on cp290(EBCDIC),
#                    When CP1027 is not supported by s3270 specify as following
#                    with "s3270 -charset CP290"
#                      sample
#                         MAP_E2A  0xa0: 0xaf   # EBCDIC 0xa0 -> ASCII upper-bar
#                         MAP_E2A  0xa1: ~      # EBCDIC 0xa1 -> ASCII tilde
#                         MAP_A2E  0xaf: 0xa0   # EBCDIC 0xa0 <- ASCII upper-bar
#                         MAP_A2E     ~: 0xa1   # EBCDIC 0xa1 <- ASCII tilde
#   MAP_A2F/MAP_F2A: Effective for 3270 FTP case (c) only.
#                    For the purpose of adjusting translation by s3270+IND$FILE
#                    MAP_A2F is applied to ASCII file to be upload to host,
#                    MAP_F2A is applied to ASCII data downloaded from host.
#                      sample
#                         MAP_A2F  0xaf: ~      # upload 0xaf(upper bar) as 0x7e(tilde)
#                         MAP_F2A  0x1f: .      # convert downloaded 0x1f to printable char
#   SUCHAR_SBCS    : substitution charscter by unicode for the case single byte translation error.
#                    default is U001a.
#   SUCHAR_DBCS    : substitution charscter by unicode for the case double byte translation error.
#                    default is Ufffd.
#                    ICU subchar of codepage->unicode translation is fixed to 0x1a and 0xfffd.
#                    ICU subchar of codepage<-unicode translation is defined on each .ucm file of ICU.
#                    xe accept both for EBCDIC<->unicode  and local codepage<->unicode if specifed.
#                    So,SUBCHAR_SBCS and SUBCHAR_DBCS is applied to following 2 case.
#                      LOCAL_CHARSET is not specified.(wcr2mb and mbrtowc are used)
#                      "CONVERTER 2" is specified.(system converters are used)
#                    If xe detected error, output is result of translation of this substitution char.
#                      sample
#                         SUBCHAR_SBCS  0x003f       # "?" for translation err
#                         SUBCHAR_DBCS  0x30fb       # EBCDIC 0x4345 in CP939
#                    For other than ICU, default value Ufffd and U001a may not be valid for the codepage.
#                    In those case original code will be left. You would be better to
#                    specify SUBCHAR_xxxx parameter.
#   SUBCHAR_0a     : control converter's output 0x0a when translate to pc-codepage.
#                    1 : replace by SBCS substitution char.
#                    0 : output 0x0a. (Default)
#   SUBCHAR_S2D    : replace converter output by substitution char when SBCS is translated to pc-codepage DBCS.
#                    1 : replace by SBCS substitution char.
#                    0 : allow multibyte output. (Default)
#   SJIS_OPT       : Specify options for SJIS(japanese) translation.
#                    Effective only for case (a) of xe3270 FTP(for the case DBCS=CP939 or CP930 in the xehosts file)
#                    For CV and XCV cmd, cmdline parameter override this parameter.
#                    IBM  :map EBCDIC kanji to SJIS-IBM area (Default)
#                    NEC  :map EBCDIC kanji to SJIS-NEC area
#                    JIS78:SJIS 1978 version
#                    JIS83:SJIS 1983 version (Default)
#                    ENG_EXT :Japanese English Extension(CP939=CP1027)
#                    KANA_EXT:Japanese katakana Extension(CP930=CP290)
#                      sample
#                         SJIS_OPT      NEC
#                         SJIS_OPT      JIS78
#                         SJIS_OPT      KANA_EXT
#   SOSI_A2E       : SO/SI setting option when translate DBCS to EBCDIC
#                    It can be overridden command option of CV/XCV/SAVe/REPlace/COPy/... cmd.
#                    Default is SHIFT for xe3270 FTP, INS for the else.
#                    INS  :insert SO(0xe) and SI(0x0f) enclosing DBCS string. Output may expand.
#
#                    REP  :replace boundary space if exist, else insert.
#                    SHIFT:(xe3270 Only) more over REP operation, delete following space by the inserted count.
#                      sample
#                         SOSI_A2E      REP
#   SOSI_E2A       : SO/SI treatement when translate DBCS from EBCDIC
#                    It can be overridden command option of CV/XCV/SAVe/REPlace/COPy/... cmd.
#                    Default is REP.
#
#                    DEL  :delete SO and SI. Output may shrink.
#                    REP  :replace SO and SI by ASCII space. (Default)
#
##########################################################
# CONVERTER             1     # 0:s3270 translation, 1:ICU, 2:iconv/WindowsAPI||+v124R
# ICU_DLL_SUFFIX      44      # ICU dllname suffix
# ICU_API_SUFFIX      _44     # ICU apiname suffix
# DBCS_CHARSET        cp939   #(Linux)EBCDIC Japanese English lower-case letter extension.~||+v124R
# DBCS_CHARSET        nnnn    #(Windows)No corresponding Windows Codepage||+v124I
# SBCS_CHARSET        cp037   #(Linux)EBCDIC-US       ||+1C16R~
# SBCS_CHARSET        cp939   #                       ||+1C16R~
# SBCS_CHARSET        cp037   #(Linux)EBCDIC-US               ||+v124R
# SBCS_CHARSET        37      #Windows Codepage for CP037(EBCDIC US)
# LOCAL_CHARSET    ISO-8859-1 #(Linux)Latin-1                 ||+v124R
# LOCAL_CHARSET        28591  #Windows Codepage for ISO-8859-1
#
#     MAP_A2F    0xaf: ~      # upload 0xaf(upper bar) as 0x7e(tilde)
#     MAP_A2F    0x30: 0x31   # upload 0xaf(upper bar) as 0x7e(tilde)
#     MAP_A2F    0x31: 0x30   # upload 0xaf(upper bar) as 0x7e(tilde)
#     MAP_F2A    0x1f: .      # convert downloaded 0x1f to printable char
#     MAP_F2A    0x31: 0x30   # upload 0xaf(upper bar) as 0x7e(tilde)
#     MAP_F2A    0x30: 0x31   # upload 0xaf(upper bar) as 0x7e(tilde)
#     MAP_F2A       {: }      # upload 0xaf(upper bar) as 0x7e(tilde)
#     MAP_F2A       }: {      # upload 0xaf(upper bar) as 0x7e(tilde)
#
#     MAP_E2A    0xa2: 0x5c   # Yen sign and backslash
#     MAP_A2E    0x5c: 0xa2   #
#     MAP_E2A    0xa1: ~      # tilde and upper bar
#     MAP_A2E       ~: 0xa1   #
#     MAP_E2A    0xa0: ?      # tilde and upper bar
#
#     MAP_E2A    0x25: ?      # avoid 0x0a generation
#     MAP_E2A    0x4a: ?      # Cent, avoid DBCS output by CP939
#     MAP_E2A    0x5f: ?      # Not , avoid DBCS output by CP939
#     MAP_E2A    0xb1: ?      # Pond, avoid DBCS output by CP939
#
#     MAP_E2A    0x31: 1      # Pond, avoid DBCS output by CP939
#     MAP_E2A    0x32: 2      # Pond, avoid DBCS output by CP939
#     MAP_E2A    0x33: 3      # Pond, avoid DBCS output by CP939
#
#   SOSI_A2E   INS : SOSI setting option when translate DBCS to EBCDIC
#   SUBCHAR_DBCS    0x30fb
#   SUBCHAR_SBCS    0x1a
#   SUBCHAR_0a     1  # replace by SBCS substitution char.
#   SUBCHAR_S2D    1  # replace converter output by substitution char when SBCS is translated to pc-codepage DBCS.
##################################################################################
#
## Use ICU , SBCS codepage
#
#        CONVERTER          1
#        ICU_DLL_SUFFIX    44
#        ICU_API_SUFFIX   _44
#        SBCS_CHARSET     cp1047          //EBCDIC Latin/1 Open System(iso-8859-1)
#
## Use ICU , DBCS codepage
#
#        CONVERTER          1
#        ICU_DLL_SUFFIX    44
#        ICU_API_SUFFIX   _44
#        DBCS_CHARSET     cp1388          //chinese simplified. superset of cp935
#
## Use API (Windows:MultiByteToWideChar/WideCharToMultibute)
#
#        CONVERTER          2
#        SBCS_CHARSET       20924        //EBCDIC Latin/1 Open System(1047+Euro)
#
## Use API (Linux:iconv)
#
#        CONVERTER          2
#        SBCS_CHARSET       cp1047
#
##################################################################################
