 wxe

 Timestamp is 594f5973 (Sun Jun 25 15:34:27 2017)

 Preferred load address is 0000000140000000

 Start         Length     Name                   Class
 0001:00000000 00269deeH .text                   CODE
 0001:00269df0 00001d53H .text$x                 CODE
 0001:0026bb50 0000012aH .text$yc                CODE
 0001:0026bc80 00000090H .text$yd                CODE
 0002:00000000 00000be8H .idata$5                DATA
 0002:00000be8 00000008H .CRT$XCA                DATA
 0002:00000bf0 00000018H .CRT$XCL                DATA
 0002:00000c08 00000008H .CRT$XCU                DATA
 0002:00000c10 00000008H .CRT$XCZ                DATA
 0002:00000c18 00000008H .CRT$XIA                DATA
 0002:00000c20 00000020H .CRT$XIC                DATA
 0002:00000c40 00000008H .CRT$XIY                DATA
 0002:00000c48 00000008H .CRT$XIZ                DATA
 0002:00000c50 00000008H .CRT$XPA                DATA
 0002:00000c58 00000018H .CRT$XPX                DATA
 0002:00000c70 00000008H .CRT$XPXA               DATA
 0002:00000c78 00000008H .CRT$XPZ                DATA
 0002:00000c80 00000008H .CRT$XTA                DATA
 0002:00000c88 00000008H .CRT$XTZ                DATA
 0002:00000c90 0000b690H .rdata                  DATA
 0002:0000c320 00001c44H .rdata$r                DATA
 0002:0000df68 00000008H .rtc$IAA                DATA
 0002:0000df70 00000008H .rtc$IZZ                DATA
 0002:0000df78 00000008H .rtc$TAA                DATA
 0002:0000df80 00000008H .rtc$TZZ                DATA
 0002:0000df88 0000d080H .xdata                  DATA
 0002:0001b008 000001ccH .xdata$x                DATA
 0002:0001b1d8 00000008H ATL$__a                 DATA
 0002:0001b1e0 00000008H ATL$__z                 DATA
 0002:0001b1e8 000000dcH .idata$2                DATA
 0002:0001b2c4 00000014H .idata$3                DATA
 0002:0001b2d8 00000be8H .idata$4                DATA
 0002:0001bec0 00001a5eH .idata$6                DATA
 0002:0001d91e 00000000H .edata                  DATA
 0003:00000000 0005c1afH .data                   DATA
 0003:0005c1c0 00169b48H .bss                    DATA
 0004:00000000 0000f018H .pdata                  DATA
 0005:00000000 000009a0H .rsrc$01                DATA
 0005:000009a0 000054d0H .rsrc$02                DATA

  Address         Publics by Value              Rva+Base               Lib:Object

 0000:00000000       ___safe_se_handler_count   0000000000000000     <absolute>
 0000:00000000       ___safe_se_handler_table   0000000000000000     <absolute>
 0000:00000000       __ImageBase                0000000140000000     <linker-defined>
 0001:00000000       u3270init                  0000000140001000 f   u3270.obj
 0001:00000040       u3270fstat                 0000000140001040 f   u3270.obj
 0001:00000540       u3270findfile              0000000140001540 f   u3270.obj
 0001:00000760       u3270fullpathistso         0000000140001760 f   u3270.obj
 0001:000007d0       u3270getcwd                00000001400017d0 f   u3270.obj
 0001:00000850       u3270chdir                 0000000140001850 f   u3270.obj
 0001:000008e0       u3270fullpath              00000001400018e0 f   u3270.obj
 0001:00000c80       u3270fullpathwildexp       0000000140001c80 f   u3270.obj
 0001:00001260       u3270getmembname           0000000140002260 f   u3270.obj
 0001:000013e0       u3270chkmembname           00000001400023e0 f   u3270.obj
 0001:000014e0       u3270getlastname           00000001400024e0 f   u3270.obj
 0001:000015b0       u3270getnthname            00000001400025b0 f   u3270.obj
 0001:000016a0       u3270concatfilename        00000001400026a0 f   u3270.obj
 0001:00001950       u3270editname              0000000140002950 f   u3270.obj
 0001:00001be0       u3270parsedsn              0000000140002be0 f   u3270.obj
 0001:00001c80       u3270parentdsn             0000000140002c80 f   u3270.obj
 0001:00001e10       u3270getsetdsnwild         0000000140002e10 f   u3270.obj
 0001:00002200       u3270pathlen               0000000140003200 f   u3270.obj
 0001:00002320       u3270sethostuser           0000000140003320 f   u3270.obj
 0001:00002400       u3270cmdrequest            0000000140003400 f   u3270.obj
 0001:00002620       u3270editrespmsg           0000000140003620 f   u3270.obj
 0001:00002730       u3270dirlistsub            0000000140003730 f   u3270.obj
 0001:00002a60       u3270setdirlist            0000000140003a60 f   u3270.obj
 0001:00002f20       u3270srchdirlist           0000000140003f20 f   u3270.obj
 0001:00002fd0       u3270setdirlistdsn         0000000140003fd0 f   u3270.obj
 0001:000032c0       u3270setattr               00000001400042c0 f   u3270.obj
 0001:00003390       u3270getattrstr            0000000140004390 f   u3270.obj
 0001:000035d0       u3270errdsnpath            00000001400045d0 f   u3270.obj
 0001:00003600       u3270mkdir                 0000000140004600 f   u32702.obj
 0001:00003630       u3270rmdir                 0000000140004630 f   u32702.obj
 0001:00003660       u3270xddsub                0000000140004660 f   u32702.obj
 0001:000037d0       u3270xdelete               00000001400047d0 f   u32702.obj
 0001:00003a00       u3270wildxdel              0000000140004a00 f   u32702.obj
 0001:00003a40       u3270xdelsub               0000000140004a40 f   u32702.obj
 0001:00003b10       u3270remove                0000000140004b10 f   u32702.obj
 0001:00003c70       u3270rename                0000000140004c70 f   u32702.obj
 0001:00003f20       u3270renamesub             0000000140004f20 f   u32702.obj
 0001:00004020       u3270wildrename            0000000140005020 f   u32702.obj
 0001:00004070       u3270spfupdate             0000000140005070 f   u32702.obj
 0001:00004290       u3270spfsetparm            0000000140005290 f   u32702.obj
 0001:00004740       u3270attrib                0000000140005740 f   u32702.obj
 0001:00004770       u3270attrxchk              0000000140005770 f   u32702.obj
 0001:000047a0       u3270getftime              00000001400057a0 f   u32702.obj
 0001:000047d0       u3270setftime              00000001400057d0 f   u32702.obj
 0001:00004810       u3270setftime2             0000000140005810 f   u32702.obj
 0001:00004840       u3270copypathinfo          0000000140005840 f   u32702.obj
 0001:00004870       u3270setown                0000000140005870 f   u32702.obj
 0001:000048a0       u3270setmod                00000001400058a0 f   u32702.obj
 0001:000048d0       u3270wildfunc              00000001400058d0 f   u32702.obj
 0001:00004ac0       u3270errnotsupported       0000000140005ac0 f   u32702.obj
 0001:00004b00       u3270xmove                 0000000140005b00 f   u32703.obj
 0001:00004c90       u3270xcopyr2r              0000000140005c90 f   u32703.obj
 0001:00004eb0       u3270xcopy                 0000000140005eb0 f   u32703.obj
 0001:00005040       u3270xcopyget              0000000140006040 f   u32703.obj
 0001:000056f0       u3270xcopyput              00000001400066f0 f   u32703.obj
 0001:00005d90       u3270filecreateparmproc    0000000140006d90 f   u32703.obj
 0001:00005fb0       u3270filecpymvflags        0000000140006fb0 f   u32703.obj
 0001:00006330       u3270filewildcopyget       0000000140007330 f   u32703.obj
 0001:00006530       u3270filewildcopyput       0000000140007530 f   u32703.obj
 0001:00006870       u3270copysubget            0000000140007870 f   u32703.obj
 0001:00006a60       u3270copysubput            0000000140007a60 f   u32703.obj
 0001:00006de0       u3270transfer              0000000140007de0 f   u32703.obj
 0001:00007290       u3270srcdupchk             0000000140008290 f   u32703.obj
 0001:00007590       u3270copyspfupdate         0000000140008590 f   u32703.obj
 0001:00007850       u3270setftpparm            0000000140008850 f   u32703.obj
 0001:000078d0       uabend                     00000001400088d0 f   uabend.obj
 0001:00007970       ualloc                     0000000140008970 f   ualloc.obj
 0001:00007980       ualloc_init                0000000140008980 f   ualloc.obj
 0001:00007ab0       ugetallocdata              0000000140008ab0 f   ualloc.obj
 0001:00007b70       ualloc_chk                 0000000140008b70 f   ualloc.obj
 0001:00007d30       umalloc                    0000000140008d30 f   ualloc.obj
 0001:00007fb0       ucalloc                    0000000140008fb0 f   ualloc.obj
 0001:00008270       ufree                      0000000140009270 f   ualloc.obj
 0001:000084b0       uallocsz                   00000001400094b0 f   ualloc.obj
 0001:00008530       ufreesz                    0000000140009530 f   ualloc.obj
 0001:00008560       uallocvcinit               0000000140009560 f   ualloc.obj
 0001:00008620       ufreesizeerr               0000000140009620 f   ualloc.obj
 0001:00008650       umallocsizeerr             0000000140009650 f   ualloc.obj
 0001:00008680       ubacktrace                 0000000140009680 f   ualloc.obj
 0001:000086d0       ucalc_bcmain               00000001400096d0 f   ucalc.obj
 0001:00009680       bc_opdchk                  000000014000a680 f   ucalc.obj
 0001:0000a5c0       getvarname                 000000014000b5c0 f   ucalc.obj
 0001:0000a690       ucalc_chkvrparm            000000014000b690 f   ucalc.obj
 0001:0000a810       bc_getvalue                000000014000b810 f   ucalc.obj
 0001:0000adf0       ucalc_vrajust              000000014000bdf0 f   ucalc.obj
 0001:0000b110       ucalc_o2l                  000000014000c110 f   ucalc.obj
 0001:0000b1e0       ucalc_gettimevalue         000000014000c1e0 f   ucalc.obj
 0001:0000b540       ucalc_getunderpointdata    000000014000c540 f   ucalc.obj
 0001:0000b650       bc_opdcopy                 000000014000c650 f   ucalc.obj
 0001:0000b880       bc_putwordordword          000000014000c880 f   ucalc.obj
 0001:0000b940       bc_expand2dword            000000014000c940 f   ucalc.obj
 0001:0000b9b0       ucalc_binop                000000014000c9b0 f   ucalc.obj
 0001:0000beb0       ucalc_binopsub             000000014000ceb0 f   ucalc.obj
 0001:0000c900       ucalc_underpoint           000000014000d900 f   ucalc.obj
 0001:0000cb60       ucalc_editnum              000000014000db60 f   ucalc.obj
 0001:0000cd00       ucalc_editevenhex          000000014000dd00 f   ucalc.obj
 0001:0000cda0       ucalc_dwtime               000000014000dda0 f   ucalc.obj
 0001:0000cf90       ucalc_time                 000000014000df90 f   ucalc.obj
 0001:0000d3f0       ucalc_timeedit             000000014000e3f0 f   ucalc.obj
 0001:0000d710       ucalc_shiftdown            000000014000e710 f   ucalc.obj
 0001:0000d850       ucalc_shiftup              000000014000e850 f   ucalc.obj
 0001:0000d960       bc_getbase                 000000014000e960 f   ucalc.obj
 0001:0000d990       calcuperr1                 000000014000e990 f   ucalc.obj
 0001:0000d9c0       calcuperr2                 000000014000e9c0 f   ucalc.obj
 0001:0000d9f0       calcuperr3                 000000014000e9f0 f   ucalc.obj
 0001:0000da20       calcerrinvalid             000000014000ea20 f   ucalc.obj
 0001:0000da60       calcerrinvalid_dw          000000014000ea60 f   ucalc.obj
 0001:0000daa0       calcerrformat              000000014000eaa0 f   ucalc.obj
 0001:0000dad0       calcerrunderflow           000000014000ead0 f   ucalc.obj
 0001:0000db00       calcerrwordovf             000000014000eb00 f   ucalc.obj
 0001:0000db40       calcerrminus               000000014000eb40 f   ucalc.obj
 0001:0000db70       calcerr0div                000000014000eb70 f   ucalc.obj
 0001:0000dba0       calcerrtimeop              000000014000eba0 f   ucalc.obj
 0001:0000dbd0       bc_getvalueLL              000000014000ebd0 f   ucalc.obj
 0001:0000dc80       bc_getxdwLL                000000014000ec80 f   ucalc.obj
 0001:0000dd10       ucalc_vrajustLL            000000014000ed10 f   ucalc.obj
 0001:0000ddd0       ucalc_timeLL               000000014000edd0 f   ucalc.obj
 0001:0000ded0       ucalc_binopLL              000000014000eed0 f   ucalc.obj
 0001:0000dfd0       ucalc_o2lLL                000000014000efd0 f   ucalc.obj
 0001:0000e040       ucalc_gettimevalueLL       000000014000f040 f   ucalc.obj
 0001:0000e0d0       bc_getldLL                 000000014000f0d0 f   ucalc.obj
 0001:0000e160       ucalc_timeeditLL           000000014000f160 f   ucalc.obj
 0001:0000e1f0       bc_dweditnumLL             000000014000f1f0 f   ucalc.obj
 0001:0000e280       bc_edittodLL               000000014000f280 f   ucalc.obj
 0001:0000e300       ucalc_editnumLL            000000014000f300 f   ucalc.obj
 0001:0000e390       ucalc_getunderpointdataLL  000000014000f390 f   ucalc.obj
 0001:0000e430       bc_getvalue3               000000014000f430 f   ucalc.obj
 0001:0000e6b0       bc_setconvtype3            000000014000f6b0 f   ucalc.obj
 0001:0000e850       bc_getxdw                  000000014000f850 f   ucalc2.obj
 0001:0000e980       bc_getld                   000000014000f980 f   ucalc2.obj
 0001:0000ebc0       bc_dwbinop                 000000014000fbc0 f   ucalc2.obj
 0001:0000f210       bc_twbinop                 0000000140010210 f   ucalc2.obj
 0001:0000f7e0       bc_edittod                 00000001400107e0 f   ucalc2.obj
 0001:0000f970       bc_dweditnum64             0000000140010970 f   ucalc2.obj
 0001:0000f9f0       bc_dweditnum               00000001400109f0 f   ucalc2.obj
 0001:0000fd80       bc_dwupeditnum             0000000140010d80 f   ucalc2.obj
 0001:0000ff60       ucalc_dwmult               0000000140010f60 f   ucalc2.obj
 0001:00010180       ucalc_twmult               0000000140011180 f   ucalc2.obj
 0001:000106d0       ucalc_dwdiv                00000001400116d0 f   ucalc2.obj
 0001:000109e0       ucalc_dwdiv2               00000001400119e0 f   ucalc2.obj
 0001:00010db0       ucalc_twdiv                0000000140011db0 f   ucalc2.obj
 0001:00010f50       ucalc_twdivbyup            0000000140011f50 f   ucalc2.obj
 0001:000110b0       ucalc_twshiftup            00000001400120b0 f   ucalc2.obj
 0001:000111b0       ucalc_dwshiftdown          00000001400121b0 f   ucalc2.obj
 0001:000112c0       ucalc_ltime                00000001400122c0 f   ucalc2.obj
 0001:00011780       ucalc_getdate              0000000140012780 f   ucalc2.obj
 0001:000118e0       ucalc_nextday              00000001400128e0 f   ucalc2.obj
 0001:00011ab0       ucalc_ld2dw                0000000140012ab0 f   ucalc2.obj
 0001:00012000       ucalc_dw2ld                0000000140013000 f   ucalc2.obj
 0001:00012110       ucalc_nsadd                0000000140013110 f   ucalc2.obj
 0001:000123a0       ucalc_ldedit               00000001400133a0 f   ucalc2.obj
 0001:000124c0       ucalc_dwupinit             00000001400134c0 f   ucalc2.obj
 0001:00012500       ucalc_dwupset              0000000140013500 f   ucalc2.obj
 0001:00012600       bc_numfmt2dw               0000000140013600 f   ucalc2.obj
 0001:00012690       bc_dw2numfmt               0000000140013690 f   ucalc2.obj
 0001:00012740       ucalc_dwup2dwandup         0000000140013740 f   ucalc2.obj
 0001:00012890       bc_dword2word              0000000140013890 f   ucalc2.obj
 0001:00012950       ucalc_dw2err               0000000140013950 f   ucalc2.obj
 0001:00012980       ucalc_dw2errresidual       0000000140013980 f   ucalc2.obj
 0001:000129f0       ucalc_dwuperr              00000001400139f0 f   ucalc2.obj
 0001:00012a20       ucalc_dwmaxerr             0000000140013a20 f   ucalc2.obj
 0001:00012a50       ucalcerrdwordovf           0000000140013a50 f   ucalc2.obj
 0001:00012a80       ucvebcinite2uJ             0000000140013a80 f   ucvebc.obj
 0001:000159a0       ucvebc                     00000001400169a0 f   ucvebc.obj
 0001:000159b0       ucvebc_gettrte2a           00000001400169b0 f   ucvebc.obj
 0001:000159c0       ucvebc2asc_handle          00000001400169c0 f   ucvebc.obj
 0001:00015a70       ucvasc2ebc_handle          0000000140016a70 f   ucvebc.obj
 0001:00015b20       ucvebc2asc                 0000000140016b20 f   ucvebc.obj
 0001:00015fc0       ucvebc2asc1sbcsJ           0000000140016fc0 f   ucvebc.obj
 0001:00016140       ucvebc2ucs1sbcsJ           0000000140017140 f   ucvebc.obj
 0001:00016290       ucvasc2ebc                 0000000140017290 f   ucvebc.obj
 0001:00016970       ucvebc_defaultremap        0000000140017970 f   ucvebc.obj
 0001:00016c60       ucvebcinita2e              0000000140017c60 f   ucvebc.obj
 0001:00016dd0       ucvkandl                   0000000140017dd0 f   ucvebc.obj
 0001:00016fa0       ucvebcinitkandl            0000000140017fa0 f   ucvebc.obj
 0001:000170a0       ucvebc2_chkprintsbcs       00000001400180a0 f   ucvebc.obj
 0001:00017400       ucvebc_chkeolopt           0000000140018400 f   ucvebc.obj
 0001:000174c0       ucvebc2                    00000001400184c0 f   ucvebc2.obj
 0001:000174d0       ucvebc2_init               00000001400184d0 f   ucvebc2.obj
 0001:00017530       ucvebc2_codecomp           0000000140018530 f   ucvebc2.obj
 0001:00017570       ucvebc2_s2e                0000000140018570 f   ucvebc2.obj
 0001:000175f0       ucvebc2_e2s                00000001400185f0 f   ucvebc2.obj
 0001:00017670       ucvebc2_chkprint           0000000140018670 f   ucvebc2.obj
 0001:000178f0       ucvebc2_chkprintnewold     00000001400188f0 f   ucvebc2.obj
 0001:00017b60       ucvebc2_chkprintdup        0000000140018b60 f   ucvebc2.obj
 0001:00017ce0       ucvebc2_e2ssub             0000000140018ce0 f   ucvebc2.obj
 0001:00017ed0       ucvebc2_s2esub             0000000140018ed0 f   ucvebc2.obj
 0001:00017f60       ucvebc2_stre2s             0000000140018f60 f   ucvebc2.obj
 0001:00018200       ucvebc2_ebc2asc1dbcsJ      0000000140019200 f   ucvebc2.obj
 0001:00018290       ucvebc2_strs2e             0000000140019290 f   ucvebc2.obj
 0001:000189f0       ucvebc2_setsi              00000001400199f0 f   ucvebc2.obj
 0001:00018b00       ucvebc2_setso              0000000140019b00 f   ucvebc2.obj
 0001:00018c10       ucvebc3_getcfgparmconverter 0000000140019c10 f   ucvebc3.obj
 0001:00018e20       ucvebc3_init_xcv           0000000140019e20 f   ucvebc3.obj
 0001:00018e70       ucvebc3_getconvertersubchar 0000000140019e70 f   ucvebc3.obj
 0001:00018ef0       ucvebc3_setletter          0000000140019ef0 f   ucvebc3.obj
 0001:00019930       ucvebc3_init               000000014001a930 f   ucvebc3.obj
 0001:00019ad0       ucvebc3_cfgerr             000000014001aad0 f   ucvebc3.obj
 0001:00019b00       ucvebc3_b2uSbcs1           000000014001ab00 f   ucvebc3.obj
 0001:00019db0       ucvebc3_b2ddSbcs1          000000014001adb0 f   ucvebc3.obj
 0001:00019fd0       ucvebc3_b2ddSbcs           000000014001afd0 f   ucvebc3.obj
 0001:0001a450       ucvebc3_b2uDbcs1           000000014001b450 f   ucvebc3.obj
 0001:0001a650       ucvebc3_b2ddDbcs1          000000014001b650 f   ucvebc3.obj
 0001:0001a8a0       ucvebc3_b2ddDbcsstr        000000014001b8a0 f   ucvebc3.obj
 0001:0001ab10       ucvebc3_b2ddDbcs           000000014001bb10 f   ucvebc3.obj
 0001:0001b300       ucvebc3_b2dd               000000014001c300 f   ucvebc3.obj
 0001:0001b400       ucvebc3_u2b1map            000000014001c400 f   ucvebc3.obj
 0001:0001b520       ucvebc3_u2b1               000000014001c520 f   ucvebc3.obj
 0001:0001b8a0       ucvebc3_m2b1Sbcs1          000000014001c8a0 f   ucvebc3.obj
 0001:0001ba40       ucvebc3_m2b1               000000014001ca40 f   ucvebc3.obj
 0001:0001bd30       ucvebc3_m2b                000000014001cd30 f   ucvebc3.obj
 0001:0001c300       ucvebc3_f2b                000000014001d300 f   ucvebc3.obj
 0001:0001c980       ucvebc3_dd2b               000000014001d980 f   ucvebc3.obj
 0001:0001d080       ucvebc3_b2mSbcs            000000014001e080 f   ucvebc3.obj
 0001:0001d710       ucvebc3_b2mDbcsstr         000000014001e710 f   ucvebc3.obj
 0001:0001d9a0       ucvebc3_b2m                000000014001e9a0 f   ucvebc3.obj
 0001:0001dfb0       ucvebc3_setdbcstbl         000000014001efb0 f   ucvebc3.obj
 0001:0001e150       ucvebc3_getebc3opt         000000014001f150 f   ucvebc3.obj
 0001:0001e210       ucvebc3_b2f                000000014001f210 f   ucvebc3.obj
 0001:0001e2c0       ucvebc3_f2bcmd             000000014001f2c0 f   ucvebc3.obj
 0001:0001e360       ucvebc_umemspnc            000000014001f360 f   ucvebc32.obj
 0001:0001e420       ucvebc_umemrspnc           000000014001f420 f   ucvebc32.obj
 0001:0001e4e0       ucvebc_umemchr             000000014001f4e0 f   ucvebc32.obj
 0001:0001e5f0       ucvebc_umemrchr            000000014001f5f0 f   ucvebc32.obj
 0001:0001e6c0       ucvebc_memcmp_banda        000000014001f6c0 f   ucvebc32.obj
 0001:0001e890       ucvebc_memicmp             000000014001f890 f   ucvebc32.obj
 0001:0001e900       ucvebc_memcmp              000000014001f900 f   ucvebc32.obj
 0001:0001eb40       ucvebc_umemmemi            000000014001fb40 f   ucvebc32.obj
 0001:0001ee50       ucvebc_umemmem             000000014001fe50 f   ucvebc32.obj
 0001:0001eff0       ucvebc_umemrmemi           000000014001fff0 f   ucvebc32.obj
 0001:0001f2c0       ucvebc_umemrmem            00000001400202c0 f   ucvebc32.obj
 0001:0001f470       ucvebc_unumlen             0000000140020470 f   ucvebc32.obj
 0001:0001f700       ucvebc_asciilen            0000000140020700 f   ucvebc32.obj
 0001:0001f7f0       ucvebc_issbcsstr           00000001400207f0 f   ucvebc32.obj
 0001:0001f880       ucvebc_uispunct            0000000140020880 f   ucvebc32.obj
 0001:0001f970       ucvebc_uatoin              0000000140020970 f   ucvebc32.obj
 0001:0001faa0       ucvebc_a2bfld              0000000140020aa0 f   ucvebc32.obj
 0001:0001fb90       ucvebc_b2afld              0000000140020b90 f   ucvebc32.obj
 0001:0001fc90       ucvebc_umempbrk            0000000140020c90 f   ucvebc32.obj
 0001:0001fd80       ucvebc_umemrpbrk           0000000140020d80 f   ucvebc32.obj
 0001:0001feb0       ucvebc_umemspn             0000000140020eb0 f   ucvebc32.obj
 0001:0001ff90       ucvebc_umemrspn            0000000140020f90 f   ucvebc32.obj
 0001:00020070       ucvebc4_init               0000000140021070 f   ucvebc4.obj
 0001:000200f0       ucvebc4_compbyname         00000001400210f0 f   ucvebc4.obj
 0001:00020150       ucvebc4_compbyhandle       0000000140021150 f   ucvebc4.obj
 0001:000201a0       ucvebc4_srchcveh           00000001400211a0 f   ucvebc4.obj
 0001:00020320       ucvebc4_gethandle          0000000140021320 f   ucvebc4.obj
 0001:00020400       ucvebc4_getpucveh          0000000140021400 f   ucvebc4.obj
 0001:00020470       ucvebc4_getcvname          0000000140021470 f   ucvebc4.obj
 0001:000204e0       ucvebc4_getcvtype          00000001400214e0 f   ucvebc4.obj
 0001:00020640       ucvebc4_createhandle       0000000140021640 f   ucvebc4.obj
 0001:00020760       ucvebc4_getparmconverter   0000000140021760 f   ucvebc4.obj
 0001:000208c0       ucvebc4_chkdbcsconverter   00000001400218c0 f   ucvebc4.obj
 0001:000209d0       ucvebc4_setuphandle        00000001400219d0 f   ucvebc4.obj
 0001:00020ad0       ucvebc4_setletter          0000000140021ad0 f   ucvebc4.obj
 0001:00021370       ucvebc4_b2uSbcs1           0000000140022370 f   ucvebc4.obj
 0001:000214b0       ucvebc4_b2mSbcs            00000001400224b0 f   ucvebc4.obj
 0001:00021920       ucvebc4_setupsubch         0000000140022920 f   ucvebc4.obj
 0001:000221d0       ucvebc2gettbl              00000001400231d0 f   ucvebct.obj
 0001:00022250       ucvext_cfglineerr          0000000140023250 f   ucvext.obj
 0001:00022290       ucvext_cfgdupoption        0000000140023290 f   ucvext.obj
 0001:000222d0       ucvext_ux2s                00000001400232d0 f   ucvext.obj
 0001:000223d0       ucvext_cfgmap              00000001400233d0 f   ucvext.obj
 0001:00022550       ucvext_getcfg              0000000140023550 f   ucvext.obj
 0001:00023300       ucvext_setdefaultlocalcv   0000000140024300 f   ucvext.obj
 0001:00023390       ucvext_getarmso1           0000000140024390 f   ucvext.obj
 0001:00023650       ucvext_getarmso            0000000140024650 f   ucvext.obj
 0001:00023900       ucvext_getarmdata1         0000000140024900 f   ucvext.obj
 0001:00023ad0       ucvext_getarmdata          0000000140024ad0 f   ucvext.obj
 0001:00023c90       chkapiver                  0000000140024c90 f   ucvext.obj
 0001:00023e80       ucvext_icuinit_env         0000000140024e80 f   ucvext.obj
 0001:00024120       setdatadir                 0000000140025120 f   ucvext.obj
 0001:000241d0       ucvext_mapinit             00000001400251d0 f   ucvext.obj
 0001:00024b00       ucvext_setupsubch          0000000140025b00 f   ucvext.obj
 0001:00025330       ucvext_loaddll             0000000140026330 f   ucvext.obj
 0001:000253a0       ucvext_icuinit             00000001400263a0 f   ucvext.obj
 0001:00025a50       ucvext_icuenumcvname       0000000140026a50 f   ucvext.obj
 0001:00025e60       ucvext_icuuerrname         0000000140026e60 f   ucvext.obj
 0001:00025ec0       ucvext_icugetdefaultconvertername2 0000000140026ec0 f   ucvext.obj
 0001:00025fe0       ucvext_getstdcharset       0000000140026fe0 f   ucvext.obj
 0001:000263a0       ucvext_icugetdefaultconvertername 00000001400273a0 f   ucvext.obj
 0001:00026510       ucvext_icugetconvertertype 0000000140027510 f   ucvext.obj
 0001:00026730       ucvext_icugetsubchars      0000000140027730 f   ucvext.obj
 0001:000268e0       ucvext_icusetsubchars      00000001400278e0 f   ucvext.obj
 0001:000269d0       ucvext_icugetstarter       00000001400279d0 f   ucvext.obj
 0001:00026b40       ucvext_icugetconverter     0000000140027b40 f   ucvext.obj
 0001:000271a0       ucvext_getparmconverter    00000001400281a0 f   ucvext.obj
 0001:00027400       ucvext_openparmconverter   0000000140028400 f   ucvext.obj
 0001:00027560       ucvext_getcvoption         0000000140028560 f   ucvext.obj
 0001:00027830       set_internal_CP037         0000000140028830 f   ucvext.obj
 0001:00027920       ucvext_mapinitsetdefault   0000000140028920 f   ucvext.obj
 0001:00027b10       ucvext_setlocalconverter   0000000140028b10 f   ucvext.obj
 0001:00027c20       ucvext_icusubcharchk       0000000140028c20 f   ucvext.obj
 0001:00027ee0       ucvext_isdbcs1st           0000000140028ee0 f   ucvext.obj
 0001:00027f70       chk_converter_is_ebcdic    0000000140028f70 f   ucvext.obj
 0001:00028070       ucvext_handle0init         0000000140029070 f   ucvext.obj
 0001:000282f0       ucvext_icuclose            00000001400292f0 f   ucvext.obj
 0001:00028350       ucvext_icureset            0000000140029350 f   ucvext.obj
 0001:000283b0       ucvext_icugetmbconverter   00000001400293b0 f   ucvext.obj
 0001:000284a0       ucvext_icumbinit12         00000001400294a0 f   ucvext.obj
 0001:000284f0       ucvext_icumbinit           00000001400294f0 f   ucvext.obj
 0001:000287c0       ucvext_setdefaultlocale    00000001400297c0 f   ucvext.obj
 0001:000288a0       ucvext12_init              00000001400298a0 f   ucvext12.obj
 0001:00028a20       ucvext_icuebc2ucs1         0000000140029a20 f   ucvext12.obj
 0001:00028d70       ucvext_iculocal2ucs1       0000000140029d70 f   ucvext12.obj
 0001:000290d0       ucvext_icuucs2ebc1         000000014002a0d0 f   ucvext12.obj
 0001:000294b0       ucvext_icuucs2local1       000000014002a4b0 f   ucvext12.obj
 0001:00029850       ucvext_icuebc2mb1          000000014002a850 f   ucvext12.obj
 0001:00029de0       ucvext_icumb2ebc1          000000014002ade0 f   ucvext12.obj
 0001:0002a360       ucvext_icuebc2mbs_handle   000000014002b360 f   ucvext12.obj
 0001:0002a3f0       ucvext_icuebc2mbs          000000014002b3f0 f   ucvext12.obj
 0001:0002a7e0       ucvext_icumb2ebcdbcs       000000014002b7e0 f   ucvext12.obj
 0001:0002b000       ucvext_icumb2ebcs_handle   000000014002c000 f   ucvext12.obj
 0001:0002b090       ucvext_icumb2ebcs          000000014002c090 f   ucvext12.obj
 0001:0002b6c0       ucvext_icuebc2mbf          000000014002c6c0 f   ucvext12.obj
 0001:0002bbc0       ucvext_icumb2ebcf          000000014002cbc0 f   ucvext12.obj
 0001:0002c4c0       ucvext_icumb2ucs1          000000014002d4c0 f   ucvext12.obj
 0001:0002c6f0       ucvext_icuucs2mb1          000000014002d6f0 f   ucvext12.obj
 0001:0002c940       ucvext_icuutf2mb1          000000014002d940 f   ucvext12.obj
 0001:0002cb40       ucvext_icumb2utf1          000000014002db40 f   ucvext12.obj
 0001:0002cda0       ucvext_icumb2utf           000000014002dda0 f   ucvext12.obj
 0001:0002d0e0       ucvext_icuisprint          000000014002e0e0 f   ucvext12.obj
 0001:0002d190       ucvext_locale1ICU          000000014002e190 f   ucvext12.obj
 0001:0002d260       ucvext_getparmconvertermbICU 000000014002e260 f   ucvext12.obj
 0001:0002d5c0       ucvext_icua2ainit          000000014002e5c0 f   ucvext12.obj
 0001:0002d690       ucvext_icua2aterm          000000014002e690 f   ucvext12.obj
 0001:0002d6f0       ucvext_icua2as             000000014002e6f0 f   ucvext12.obj
 0001:0002df80       ucvext_icusubcharchk_handle 000000014002ef80 f   ucvext12.obj
 0001:0002dfd0       ucvext_iconvmapinit        000000014002efd0 f   ucvext2.obj
 0001:0002e000       ucvext_getwincodepage      000000014002f000 f   ucvext2.obj
 0001:0002e1b0       ucvext_iconvgetstarter     000000014002f1b0 f   ucvext2.obj
 0001:0002e1f0       ucvext_iconvgetconvertertype 000000014002f1f0 f   ucvext2.obj
 0001:0002e250       ucvext_iconvgetconverter   000000014002f250 f   ucvext2.obj
 0001:0002e2d0       ucvext_iconvgetparmconverter 000000014002f2d0 f   ucvext2.obj
 0001:0002e4c0       ucvext_wincp2ucs1          000000014002f4c0 f   ucvext2.obj
 0001:0002ea60       ucvext_MB2WC               000000014002fa60 f   ucvext2.obj
 0001:0002ef00       ucvext_wincp2ucss          000000014002ff00 f   ucvext2.obj
 0001:0002f600       ucvext_iconvebc2ucs1       0000000140030600 f   ucvext2.obj
 0001:0002f6f0       ucvext_iconvlocal2ucs1     00000001400306f0 f   ucvext2.obj
 0001:0002fa70       ucvext_iconvucs2ebc1       0000000140030a70 f   ucvext2.obj
 0001:0002fb90       ucvext_winucs2cp1          0000000140030b90 f   ucvext2.obj
 0001:0002ff10       ucvext_winucs2cp           0000000140030f10 f   ucvext2.obj
 0001:00030110       ucvext_iconvucs2local1     0000000140031110 f   ucvext2.obj
 0001:00030250       ucvext_getsubch            0000000140031250 f   ucvext2.obj
 0001:00030420       ucvext_iconva2as           0000000140031420 f   ucvext2.obj
 0001:00030d70       ucvext_iconvb2bs           0000000140031d70 f   ucvext2.obj
 0001:00030f10       ucvext_iconva2af           0000000140031f10 f   ucvext2.obj
 0001:00031770       ucvext_iconva2ainit        0000000140032770 f   ucvext2.obj
 0001:00031820       ucvext_iconva2acont        0000000140032820 f   ucvext2.obj
 0001:00031b10       ucvext_listcpcbfunc        0000000140032b10 f   ucvext2.obj
 0001:00031bf0       ucvext_listwincp           0000000140032bf0 f   ucvext2.obj
 0001:00031c50       uMultiByteToWideChar       0000000140032c50 f   ucvext2.obj
 0001:00031ee0       uWideCharToMultiByte       0000000140032ee0 f   ucvext2.obj
 0001:000324d0       uWideCharToMultiByte_reversechk 00000001400334d0 f   ucvext2.obj
 0001:000329d0       wmemchr                    00000001400339d0 f i ucvext2.obj
 0001:00032a30       ucp932init                 0000000140033a30 f   ucvucs.obj
 0001:00032f80       ucp932term                 0000000140033f80 f   ucvucs.obj
 0001:00033010       ucp932sjis2ucs             0000000140034010 f   ucvucs.obj
 0001:000330d0       ucp932ucs2sjis             00000001400340d0 f   ucvucs.obj
 0001:00033230       uccvsjis2ucs               0000000140034230 f   ucvucs.obj
 0001:00033360       uccvucs2sjis               0000000140034360 f   ucvucs.obj
 0001:00033390       uccvucs2utf                0000000140034390 f   ucvucs.obj
 0001:00033540       uccvutf2ucs                0000000140034540 f   ucvucs.obj
 0001:000338b0       uccvucss2utf               00000001400348b0 f   ucvucs.obj
 0001:00033980       uccvutf2ucss               0000000140034980 f   ucvucs.obj
 0001:00033b30       uccvsjis2ucss              0000000140034b30 f   ucvucs.obj
 0001:00033ba0       uccvucss2sjis              0000000140034ba0 f   ucvucs.obj
 0001:00033be0       uccvsjis2utf               0000000140034be0 f   ucvucs.obj
 0001:00033cb0       uccvutf2sjis               0000000140034cb0 f   ucvucs.obj
 0001:00033d60       ucvsucs2utf                0000000140034d60 f   ucvucs.obj
 0001:00034190       ucvsescucs2utf             0000000140035190 f   ucvucs.obj
 0001:00034560       ucvssjis2utf               0000000140035560 f   ucvucs.obj
 0001:000349d0       ucvsmb2utf                 00000001400359d0 f   ucvucs.obj
 0001:00034d80       ucvsutf2ucs                0000000140035d80 f   ucvucs.obj
 0001:00035110       ucvsutf2sjis               0000000140036110 f   ucvucs.obj
 0001:00035680       ucvsutf2mb                 0000000140036680 f   ucvucs.obj
 0001:00035ab0       ucvssjis2ucs               0000000140036ab0 f   ucvucs.obj
 0001:00035e00       ucvsucs2sjis               0000000140036e00 f   ucvucs.obj
 0001:00036230       ucvsescucs2sjis            0000000140037230 f   ucvucs.obj
 0001:000365d0       ucvfsjis2ucs               00000001400375d0 f   ucvucs.obj
 0001:00036850       ucvfucs2sjis               0000000140037850 f   ucvucs.obj
 0001:00036aa0       ucvfutf2ucs                0000000140037aa0 f   ucvucs.obj
 0001:00036df0       ucvfucs2utf                0000000140037df0 f   ucvucs.obj
 0001:000370f0       ucvfsjis2utf               00000001400380f0 f   ucvucs.obj
 0001:000373d0       ucvfutf2sjis               00000001400383d0 f   ucvucs.obj
 0001:00037710       ucvbomchk                  0000000140038710 f   ucvucs.obj
 0001:00037870       ucvbomset                  0000000140038870 f   ucvucs.obj
 0001:000379a0       ucvsetucss                 00000001400389a0 f   ucvucs.obj
 0001:00037bd0       ucvgetucss                 0000000140038bd0 f   ucvucs.obj
 0001:00037cc0       ucverrutf                  0000000140038cc0 f   ucvucs.obj
 0001:00037d20       ucverrucs                  0000000140038d20 f   ucvucs.obj
 0001:00037d80       ucverrsjis                 0000000140038d80 f   ucvucs.obj
 0001:00037dd0       ugetcp932tbl               0000000140038dd0 f   ucvucst.obj
 0001:00037df0       udbcschk_wcinit            0000000140038df0 f   udbcschk.obj
 0001:000381a0       udbcschk_getbaseconverter  00000001400391a0 f   udbcschk.obj
 0001:00038220       udbcschk_setunprintable    0000000140039220 f   udbcschk.obj
 0001:00038320       udbcschk_wclocaleinit      0000000140039320 f   udbcschk.obj
 0001:000383f0       udbcschk_wclocalereset     00000001400393f0 f   udbcschk.obj
 0001:000386a0       udbcschk_chklocale         00000001400396a0 f   udbcschk.obj
 0001:00038770       udbcschk                   0000000140039770 f   udbcschk.obj
 0001:00038840       udbcschk_hk                0000000140039840 f   udbcschk.obj
 0001:00038870       udbcschk_getmblen          0000000140039870 f   udbcschk.obj
 0001:00038a90       udbcschk_mblen             0000000140039a90 f   udbcschk.obj
 0001:00038b40       udbcschk_mb2nd             0000000140039b40 f   udbcschk.obj
 0001:00038c00       udbcschk_isvalidmbchar     0000000140039c00 f   udbcschk.obj
 0001:00038c80       udbcschk_locale_topbyte    0000000140039c80 f   udbcschk.obj
 0001:00038d20       udbcschk_getdbcs1st        0000000140039d20 f   udbcschk.obj
 0001:00038df0       udbcschk_ismbdbcs1st       0000000140039df0 f   udbcschk.obj
 0001:00038e60       udbcschk_locale1           0000000140039e60 f   udbcschk.obj
 0001:00039030       udbcschk_mb2ucs1           000000014003a030 f   udbcschk.obj
 0001:000391f0       udbcschk_ucs2mb1           000000014003a1f0 f   udbcschk.obj
 0001:000393a0       udbcschk_forceenglish      000000014003a3a0 f   udbcschk.obj
 0001:00039400       udbcschkcp                 000000014003a400 f   udbcschk.obj
 0001:00039530       ugetcp                     000000014003a530 f   udbcschk.obj
 0001:000395c0       udbcschk_getcpinfo         000000014003a5c0 f   udbcschk.obj
 0001:00039690       udbcschk_getcodepagetype   000000014003a690 f   udbcschk.obj
 0001:00039730       udbcschk_getsubch          000000014003a730 f   udbcschk.obj
 0001:00039830       udbcschk_getstarter        000000014003a830 f   udbcschk.obj
 0001:000399c0       udbcsenv                   000000014003a9c0 f   udbcschk.obj
 0001:000399f0       udosquerydbcsenv           000000014003a9f0 f   udbcschk.obj
 0001:00039a60       udbcschk2                  000000014003aa60 f   udbcschk.obj
 0001:00039b10       udbcschk_pos2offs          000000014003ab10 f   udbcschk.obj
 0001:00039cb0       usetdbcstblW               000000014003acb0 f   udbcschk.obj
 0001:00039e90       usetdbcstbl                000000014003ae90 f   udbcschk.obj
 0001:0003a220       usetdbcstblmb              000000014003b220 f   udbcschk.obj
 0001:0003a5f0       udbcschk_setlocale         000000014003b5f0 f   udbcschk.obj
 0001:0003a880       udbcschk_wingetdefaultcp   000000014003b880 f   udbcschk.obj
 0001:0003a940       udbcschk_setdbcstype       000000014003b940 f   udbcschk.obj
 0001:0003a9d0       udbcschk_chkcpinfo         000000014003b9d0 f   udbcschk.obj
 0001:0003ab00       udbcschk_isleadbyte        000000014003bb00 f   udbcschk.obj
 0001:0003abf0       uwctombW                   000000014003bbf0 f   udbcschk.obj
 0001:0003ae00       umbtowcW                   000000014003be00 f   udbcschk.obj
 0001:0003af20       udbcschk_lcbychcp          000000014003bf20 f   udbcschk.obj
 0001:0003b090       ujischkx208                000000014003c090 f   udbcsck2.obj
 0001:0003b130       usjischkx208               000000014003c130 f   udbcsck2.obj
 0001:0003b240       usjis2jis                  000000014003c240 f   udbcsck2.obj
 0001:0003b330       ujis2sjis                  000000014003c330 f   udbcsck2.obj
 0001:0003b430       ustrjis2sjis               000000014003c430 f   udbcsck2.obj
 0001:0003b940       ustrsjis2jis               000000014003c940 f   udbcsck2.obj
 0001:0003be40       ushift2euc                 000000014003ce40 f   udbcsck2.obj
 0001:0003c370       ushift2euc1                000000014003d370 f   udbcsck2.obj
 0001:0003c510       ushift2euccount            000000014003d510 f   udbcsck2.obj
 0001:0003c730       usjischk                   000000014003d730 f   udbcsck2.obj
 0001:0003c9e0       ueuc2shift1SS3             000000014003d9e0 f   udbcsck2.obj
 0001:0003ca50       ueuc2shift                 000000014003da50 f   udbcsck2.obj
 0001:0003d310       ueucchk                    000000014003e310 f   udbcsck2.obj
 0001:0003d740       ueuc2shift1                000000014003e740 f   udbcsck2.obj
 0001:0003d990       ueuc2shift1c               000000014003e990 f   udbcsck2.obj
 0001:0003db10       uhan2zen                   000000014003eb10 f   udbcsck2.obj
 0001:0003dd70       udos                       000000014003ed70 f   udos.obj
 0001:0003dd80       udos_version               000000014003ed80 f   udos.obj
 0001:0003dde0       udosiswin                  000000014003ede0 f   udos.obj
 0001:0003ddf0       udosiswin98                000000014003edf0 f   udos.obj
 0001:0003de60       udosiswinnt                000000014003ee60 f   udos.obj
 0001:0003dec0       udosisos2                  000000014003eec0 f   udos.obj
 0001:0003ded0       udos2                      000000014003eed0 f   udos2.obj
 0001:0003dee0       ugetdriveidlist            000000014003eee0 f   udos2.obj
 0001:0003df90       ugetdrivelist              000000014003ef90 f   udos2.obj
 0001:0003e010       ugetdrivetype              000000014003f010 f   udos2.obj
 0001:0003e160       udos_setenv                000000014003f160 f   udos2.obj
 0001:0003e310       uedit                      000000014003f310 f   uedit.obj
 0001:0003e320       unumedit                   000000014003f320 f   uedit.obj
 0001:0003e620       utimeedit                  000000014003f620 f   uedit.obj
 0001:0003f2e0       uitoa10                    00000001400402e0 f   uedit.obj
 0001:0003f310       ucmdparmedit               0000000140040310 f   uedit.obj
 0001:0003fac0       ueditenv                   0000000140040ac0 f   uedit.obj
 0001:0003ff10       uwordrep                   0000000140040f10 f   uedit.obj
 0001:00040590       ugethex                    0000000140041590 f   uedit.obj
 0001:000406b0       ugethexdump                00000001400416b0 f   uedit.obj
 0001:00040840       ux2FILESZ                  0000000140041840 f   uedit.obj
 0001:00040870       ux2l                       0000000140041870 f   uedit.obj
 0001:000409b0       ux2ll                      00000001400419b0 f   uedit.obj
 0001:00040a70       ua2ll                      0000000140041a70 f   uedit.obj
 0001:00040a90       ux2s                       0000000140041a90 f   uedit.obj
 0001:00040bc0       ugetnumrange3              0000000140041bc0 f   uedit.obj
 0001:00040d00       ugetnumrange2              0000000140041d00 f   uedit.obj
 0001:00040dd0       ugetnumrange2XFILESZ       0000000140041dd0 f   uedit.obj
 0001:00040e80       ugetnumrange               0000000140041e80 f   uedit.obj
 0001:00041020       ugetxnumrange              0000000140042020 f   uedit.obj
 0001:000413a0       ugetxnumrangeLL            00000001400423a0 f   uedit.obj
 0001:00041740       unumlen                    0000000140042740 f   uedit.obj
 0001:00041910       uatoin                     0000000140042910 f   uedit.obj
 0001:000419a0       getKMGTB                   00000001400429a0 f   uedit.obj
 0001:00041aa0       ueditFILESZ                0000000140042aa0 f   uedit.obj
 0001:00041de0       ueditLONGHANDLE            0000000140042de0 f   uedit.obj
 0001:00042040       uedit2                     0000000140043040 f   uedit2.obj
 0001:00042050       uasciidump                 0000000140043050 f   uedit2.obj
 0001:00042220       uasciidump_utf             0000000140043220 f   uedit2.obj
 0001:000424a0       uucsdump                   00000001400434a0 f   uedit2.obj
 0001:000427c0       ub2x                       00000001400437c0 f   uedit2.obj
 0001:000428f0       ueditfattrunix             00000001400438f0 f   uedit2.obj
 0001:00042b60       ueditfattrspf              0000000140043b60 f   uedit2.obj
 0001:00042c00       ueditfattr                 0000000140043c00 f   uedit2.obj
 0001:00042d30       uxdumpline                 0000000140043d30 f   uedit2.obj
 0001:00043690       xdlputs                    0000000140044690 f   uedit2.obj
 0001:00043720       ugetdtparm                 0000000140044720 f   uedit2.obj
 0001:00043840       ugetdateparm               0000000140044840 f   uedit2.obj
 0001:000438b0       ugettimeparm               00000001400448b0 f   uedit2.obj
 0001:00043920       ueditgetftnum              0000000140044920 f   uedit2.obj
 0001:00043be0       ueditsetfdateUSHORT        0000000140044be0 f   uedit2.obj
 0001:00043c40       ueditsetfdate              0000000140044c40 f   uedit2.obj
 0001:00043d00       ueditsetftimeUSHORT        0000000140044d00 f   uedit2.obj
 0001:00043d60       ueditsetftime              0000000140044d60 f   uedit2.obj
 0001:00043e30       uxdumpstr                  0000000140044e30 f   uedit2.obj
 0001:00044020       uerr                       0000000140045020 f   uerr.obj
 0001:00044030       ubell_init                 0000000140045030 f   uerr.obj
 0001:00044060       ubell_init2                0000000140045060 f   uerr.obj
 0001:00044080       ubell                      0000000140045080 f   uerr.obj
 0001:000441a0       uerrexit_init              00000001400451a0 f   uerr.obj
 0001:00044240       uerrexit_optinit           0000000140045240 f   uerr.obj
 0001:00044260       uerrsetopt2                0000000140045260 f   uerr.obj
 0001:000442a0       uerrexit                   00000001400452a0 f   uerr.obj
 0001:00044390       uerrmsg_init               0000000140045390 f   uerr.obj
 0001:00044500       uerrmsg                    0000000140045500 f   uerr.obj
 0001:00044650       uerrmsg2                   0000000140045650 f   uerr.obj
 0001:000447b0       uerrmsgcat                 00000001400457b0 f   uerr.obj
 0001:00044920       uerrsprintf                0000000140045920 f   uerr.obj
 0001:00044a50       uerrfprintfutf             0000000140045a50 f   uerr.obj
 0001:00044e50       uerrhelpmsg                0000000140045e50 f   uerr.obj
 0001:00044f80       uerrscrheight              0000000140045f80 f   uerr.obj
 0001:00044fe0       useterrmsg                 0000000140045fe0 f   uerr.obj
 0001:00045040       ugeterrmsg                 0000000140046040 f   uerr.obj
 0001:00045070       ugeterrmsg2                0000000140046070 f   uerr.obj
 0001:00045090       uerrmsgedit                0000000140046090 f   uerr.obj
 0001:00045710       uconfirmmsg                0000000140046710 f   uerr.obj
 0001:00045a00       uerrornomsg                0000000140046a00 f   uerr.obj
 0001:00045a20       ugetlasterror              0000000140046a20 f   uerr.obj
 0001:00045b90       ugeterrdescription         0000000140046b90 f   uerr.obj
 0001:00045c30       uerrapi1                   0000000140046c30 f   uerr.obj
 0001:00045c80       uerrapi1x                  0000000140046c80 f   uerr.obj
 0001:00045cc0       uerrapi0                   0000000140046cc0 f   uerr.obj
 0001:00045d00       uerrapi0x                  0000000140046d00 f   uerr.obj
 0001:00045d30       uerrapi1t                  0000000140046d30 f   uerr.obj
 0001:00045dc0       uerrapi1nt                 0000000140046dc0 f   uerr.obj
 0001:00045e50       uerrapi1tx                 0000000140046e50 f   uerr.obj
 0001:00045ec0       uerrapi0t                  0000000140046ec0 f   uerr.obj
 0001:00045f40       uerrapi0tx                 0000000140046f40 f   uerr.obj
 0001:00045fa0       uerrnotsupported           0000000140046fa0 f   uerr.obj
 0001:00045fe0       ufprintfWCONS              0000000140046fe0 f   uerr.obj
 0001:00046280       uprintfW                   0000000140047280 f   uerr.obj
 0001:000462c0       ufprintfW                  00000001400472c0 f   uerr.obj
 0001:00046430       ufwriteWCONS               0000000140047430 f   uerr.obj
 0001:00046580       ufemsg                     0000000140047580 f   ufemsg.obj
 0001:00046590       ufilenotfound              0000000140047590 f   ufemsg.obj
 0001:00046620       ufilenotfoundotherexist    0000000140047620 f   ufemsg.obj
 0001:000466b0       ufilepatherr               00000001400476b0 f   ufemsg.obj
 0001:00046740       ufileapierr                0000000140047740 f   ufemsg.obj
 0001:000467e0       ufileapierr_str            00000001400477e0 f   ufemsg.obj
 0001:00046890       ufiledelpath               0000000140047890 f   ufemsg.obj
 0001:00046920       ufilereadonly              0000000140047920 f   ufemsg.obj
 0001:000469b0       ufilereadonly2             00000001400479b0 f   ufemsg.obj
 0001:00046a40       ufiledeleted               0000000140047a40 f   ufemsg.obj
 0001:00046bd0       ufileshare                 0000000140047bd0 f   ufemsg.obj
 0001:00046c60       ufileexist                 0000000140047c60 f   ufemsg.obj
 0001:00046cf0       ufileexistcopy             0000000140047cf0 f   ufemsg.obj
 0001:00046d80       ufileexist2                0000000140047d80 f   ufemsg.obj
 0001:00046e70       ufileexistdir              0000000140047e70 f   ufemsg.obj
 0001:00046f00       ufilenotdir                0000000140047f00 f   ufemsg.obj
 0001:00046f90       ufilediskfull              0000000140047f90 f   ufemsg.obj
 0001:00046fd0       ufilewildtarget            0000000140047fd0 f   ufemsg.obj
 0001:00047000       ufilewildcarderr           0000000140048000 f   ufemsg.obj
 0001:00047030       ufilewildpatherr           0000000140048030 f   ufemsg.obj
 0001:00047060       ufileroot                  0000000140048060 f   ufemsg.obj
 0001:000470a0       ufileapierr2               00000001400480a0 f   ufemsg.obj
 0001:000471a0       ufiledirna                 00000001400481a0 f   ufemsg.obj
 0001:00047240       ufileerrdir                0000000140048240 f   ufemsg.obj
 0001:000472d0       ufilenotvfat               00000001400482d0 f   ufemsg.obj
 0001:00047300       ufilenopermission          0000000140048300 f   ufemsg.obj
 0001:00047390       ufileslinkloop             0000000140048390 f   ufemsg.obj
 0001:00047430       ufileerrspecialfile        0000000140048430 f   ufemsg.obj
 0001:00047470       ufileerrnotnormal          0000000140048470 f   ufemsg.obj
 0001:000474b0       ufileerrdir2file           00000001400484b0 f   ufemsg.obj
 0001:000474e0       ufileerrnoentry            00000001400484e0 f   ufemsg.obj
 0001:00047560       ufileerrnofileentry        0000000140048560 f   ufemsg.obj
 0001:000475e0       ufileTooLongFullpathName   00000001400485e0 f   ufemsg.obj
 0001:00047630       ufileTooLongFullpathName2  0000000140048630 f   ufemsg.obj
 0001:00047750       ufileeditsz                0000000140048750 f   ufemsg.obj
 0001:00047a20       ufileslinktargeterr        0000000140048a20 f   ufemsg.obj
 0001:00047b00       ufileslinkj2ferr           0000000140048b00 f   ufemsg.obj
 0001:00047be0       ufileslinkd2ferr           0000000140048be0 f   ufemsg.obj
 0001:00047cc0       ufileopenerrInvalidargument 0000000140048cc0 f   ufemsg.obj
 0001:00047d20       ufileErrInvalidName        0000000140048d20 f   ufemsg.obj
 0001:00047d50       ufile                      0000000140048d50 f   ufile.obj
 0001:00047d60       isRootUNC                  0000000140048d60 f   ufile.obj
 0001:00047e50       ufstatUNCroot              0000000140048e50 f   ufile.obj
 0001:00048020       ufstatUNC                  0000000140049020 f   ufile.obj
 0001:00048330       ufstat                     0000000140049330 f   ufile.obj
 0001:000486e0       ufilew32getslink           00000001400496e0 f   ufile.obj
 0001:00048fc0       ufilew32copyfstat          0000000140049fc0 f   ufile.obj
 0001:00049180       ufilew32savehdir           000000014004a180 f   ufile.obj
 0001:00049240       ufilew32srchhdir           000000014004a240 f   ufile.obj
 0001:000492c0       ufilew32closehdir          000000014004a2c0 f   ufile.obj
 0001:00049390       ufullpathwildexp           000000014004a390 f   ufile.obj
 0001:000499b0       ufullpathresolvespecialdirid 000000014004a9b0 f   ufile.obj
 0001:00049b40       ufullpathUNC               000000014004ab40 f   ufile.obj
 0001:00049df0       ufullpath                  000000014004adf0 f   ufile.obj
 0001:0004a220       upathlen                   000000014004b220 f   ufile.obj
 0001:0004a290       ugetdrive                  000000014004b290 f   ufile.obj
 0001:0004a2d0       ugetcwd                    000000014004b2d0 f   ufile.obj
 0001:0004a340       ugetcwdW                   000000014004b340 f   ufile.obj
 0001:0004a3f0       uchdrive                   000000014004b3f0 f   ufile.obj
 0001:0004a490       uchdir                     000000014004b490 f   ufile.obj
 0001:0004a5e0       udosfindfirstnomsg         000000014004b5e0 f   ufile.obj
 0001:0004a640       udosfindfirst              000000014004b640 f   ufile.obj
 0001:0004aa10       udosfindnext               000000014004ba10 f   ufile.obj
 0001:0004aa70       udosfindnextmsg            000000014004ba70 f   ufile.obj
 0001:0004ac20       ufilegetpathdir            000000014004bc20 f   ufile.obj
 0001:0004ad10       udirlistnomsg              000000014004bd10 f   ufile.obj
 0001:0004ad60       udirlist                   000000014004bd60 f   ufile.obj
 0001:0004aee0       udirlistsub                000000014004bee0 f   ufile.obj
 0001:0004b430       udirlist_set_slinkname     000000014004c430 f   ufile.obj
 0001:0004b580       ufile_udirlist_copy        000000014004c580 f   ufile.obj
 0001:0004bcc0       ufile_udirlist_swap        000000014004ccc0 f   ufile.obj
 0001:0004c1e0       ufile_udirlist_alloc1      000000014004d1e0 f   ufile.obj
 0001:0004c2c0       ufile_udirlist_free        000000014004d2c0 f   ufile.obj
 0001:0004c440       udircompare_pointer        000000014004d440 f   ufile.obj
 0001:0004c4a0       udirlistsort               000000014004d4a0 f   ufile.obj
 0001:0004c710       udircomp                   000000014004d710 f   ufile.obj
 0001:0004c750       udircompare                000000014004d750 f   ufile.obj
 0001:0004d180       udircompsub                000000014004e180 f   ufile.obj
 0001:0004d270       uredirect                  000000014004e270 f   ufile.obj
 0001:0004d620       uredirectrestore           000000014004e620 f   ufile.obj
 0001:0004d710       ufdateedit                 000000014004e710 f   ufile.obj
 0001:0004da20       uftimeedit                 000000014004ea20 f   ufile.obj
 0001:0004dc70       uftimeedit_1sec            000000014004ec70 f   ufile.obj
 0001:0004dcd0       ufileisroot                000000014004ecd0 f   ufile.obj
 0001:0004dd70       udirlist_chk_max_entry     000000014004ed70 f   ufile.obj
 0001:0004dd80       ufullpathCP                000000014004ed80 f   ufile.obj
 0001:0004ddc0       udirlist_setname           000000014004edc0 f   ufile.obj
 0001:0004e010       udirlist_setname_cat       000000014004f010 f   ufile.obj
 0001:0004e120       udirlist_setnameW          000000014004f120 f   ufile.obj
 0001:0004e320       ufilegetlastname           000000014004f320 f   ufile12.obj
 0001:0004e440       ufileconcatlastname        000000014004f440 f   ufile12.obj
 0001:0004e5f0       ufileisnormalfile          000000014004f5f0 f   ufile12.obj
 0001:0004e770       ufilefullpathtemp          000000014004f770 f   ufile12.obj
 0001:0004e830       ufilenameenclose           000000014004f830 f   ufile12.obj
 0001:0004e940       uftpfstat                  000000014004f940 f   ufile1f.obj
 0001:0004ec50       uftpwinchk                 000000014004fc50 f   ufile1f.obj
 0001:0004ed70       uftpfullpathnorid          000000014004fd70 f   ufile1f.obj
 0001:0004edd0       uftpfullpath               000000014004fdd0 f   ufile1f.obj
 0001:0004f3b0       uftppathlen                00000001400503b0 f   ufile1f.obj
 0001:0004f400       uftpgetcwd                 0000000140050400 f   ufile1f.obj
 0001:0004f4f0       uftpgethome                00000001400504f0 f   ufile1f.obj
 0001:0004f560       uftpgethomesub             0000000140050560 f   ufile1f.obj
 0001:0004f740       uftpchdir                  0000000140050740 f   ufile1f.obj
 0001:0004f8b0       uftpchdirsub               00000001400508b0 f   ufile1f.obj
 0001:0004fa30       uftplchdirrespchk          0000000140050a30 f   ufile1f.obj
 0001:0004fc20       uftpdirlistsub             0000000140050c20 f   ufile1f.obj
 0001:0004ff80       uftpfindfirst              0000000140050f80 f   ufile1f.obj
 0001:000500a0       uftpfindfirstfile          00000001400510a0 f   ufile1f.obj
 0001:00050110       uftpfindnext               0000000140051110 f   ufile1f.obj
 0001:00050180       ufile2                     0000000140051180 f   ufile2.obj
 0001:00050190       umkdir                     0000000140051190 f   ufile2.obj
 0001:000502e0       umkdirmode                 00000001400512e0 f   ufile2.obj
 0001:00050350       uattrxon                   0000000140051350 f   ufile2.obj
 0001:000503a0       uattrxchk                  00000001400513a0 f   ufile2.obj
 0001:00050400       urmdir                     0000000140051400 f   ufile2.obj
 0001:00050660       uxddpchk                   0000000140051660 f   ufile2.obj
 0001:000509d0       uxddsub                    00000001400519d0 f   ufile2.obj
 0001:00051250       uxdelete                   0000000140052250 f   ufile2.obj
 0001:00051a00       ufilewildxdel              0000000140052a00 f   ufile2.obj
 0001:00051d20       uxdelsub                   0000000140052d20 f   ufile2.obj
 0001:000525a0       uremovenomsg               00000001400535a0 f   ufile2.obj
 0001:000525f0       uremove                    00000001400535f0 f   ufile2.obj
 0001:00052820       urenamenomsg               0000000140053820 f   ufile2.obj
 0001:00052870       urename2                   0000000140053870 f   ufile2.obj
 0001:000528c0       urename                    00000001400538c0 f   ufile2.obj
 0001:00052f90       ufilewildrename            0000000140053f90 f   ufile2.obj
 0001:00052fc0       uattrib                    0000000140053fc0 f   ufile2.obj
 0001:000531e0       ftime2sec                  00000001400541e0 f   ufile2.obj
 0001:00053270       ugetftime                  0000000140054270 f   ufile2.obj
 0001:00053370       ugetftime_1sec             0000000140054370 f   ufile2.obj
 0001:00053410       usetftime                  0000000140054410 f   ufile2.obj
 0001:00053760       usetftime_1sec             0000000140054760 f   ufile2.obj
 0001:000537c0       win_copyfiletime           00000001400547c0 f   ufile2.obj
 0001:00053970       ucopypathinfo              0000000140054970 f   ufile2.obj
 0001:00053a30       uwildfunc                  0000000140054a30 f   ufile2.obj
 0001:00053dd0       ufilecdirchk               0000000140054dd0 f   ufile2.obj
 0001:000540b0       ufilespfnchk               00000001400550b0 f   ufile2.obj
 0001:00054190       wildchk                    0000000140055190 f   ufile2.obj
 0001:00054460       ufilechkwildmemb           0000000140055460 f   ufile2.obj
 0001:000545a0       ufilechkwildname           00000001400555a0 f   ufile2.obj
 0001:000546b0       ufileopenexclusivewrite    00000001400556b0 f   ufile2.obj
 0001:00054760       ufiledelifnotopened        0000000140055760 f   ufile2.obj
 0001:000547e0       ufile2quietmsg             00000001400557e0 f   ufile2.obj
 0001:000548a0       ugetmoveavailablepath      00000001400558a0 f   ufile2.obj
 0001:00054dc0       uwildfunc_LongName         0000000140055dc0 f   ufile2.obj
 0001:00054e90       uftpmkdir                  0000000140055e90 f   ufile2f.obj
 0001:00055300       uftprmdir                  0000000140056300 f   ufile2f.obj
 0001:000555e0       uftpremove                 00000001400565e0 f   ufile2f.obj
 0001:000558e0       uftprename                 00000001400568e0 f   ufile2f.obj
 0001:00055d10       uftprenamesub              0000000140056d10 f   ufile2f.obj
 0001:00055fe0       uftpwildrename             0000000140056fe0 f   ufile2f.obj
 0001:00056030       uftpattrib                 0000000140057030 f   ufile2f.obj
 0001:000562a0       uftpattrxon                00000001400572a0 f   ufile2f.obj
 0001:000562f0       uftpattrxchk               00000001400572f0 f   ufile2f.obj
 0001:00056460       uftpgetftime               0000000140057460 f   ufile2f.obj
 0001:00056550       uftpgetftime_1sec          0000000140057550 f   ufile2f.obj
 0001:00056660       uftpsetftime               0000000140057660 f   ufile2f.obj
 0001:000566d0       uftpsetftime2              00000001400576d0 f   ufile2f.obj
 0001:00056740       uftpcopypathinfo           0000000140057740 f   ufile2f.obj
 0001:00056910       uftpsetown                 0000000140057910 f   ufile2f.obj
 0001:00056980       uftpsetmod                 0000000140057980 f   ufile2f.obj
 0001:00056d40       uftpwildfunc               0000000140057d40 f   ufile2f.obj
 0001:00056f30       uftpwildfunc2              0000000140057f30 f   ufile2f.obj
 0001:00057200       uftpmultidel               0000000140058200 f   ufile2f.obj
 0001:00057330       uftpmultirename            0000000140058330 f   ufile2f.obj
 0001:00057460       uftpwildxdel               0000000140058460 f   ufile2f.obj
 0001:00057770       uftpmultidelsub            0000000140058770 f   ufile2f.obj
 0001:000578e0       uftpmultirenamesub         00000001400588e0 f   ufile2f.obj
 0001:00057ae0       uftpbypassreason           0000000140058ae0 f   ufile2f.obj
 0001:00057b60       uftpxdelrchk               0000000140058b60 f   ufile2f.obj
 0001:00057ed0       uftpmultidelrchk           0000000140058ed0 f   ufile2f.obj
 0001:00058160       uftpmultirenamerchk        0000000140059160 f   ufile2f.obj
 0001:00058410       ufile2putstmt              0000000140059410 f   ufile2f.obj
 0001:00058500       uftpnotsupported           0000000140059500 f   ufile2f.obj
 0001:00058550       uftpnotsupportedforlocal   0000000140059550 f   ufile2f.obj
 0001:000585a0       uftpdelsubdir              00000001400595a0 f   ufile2f.obj
 0001:00058840       ufile3xdeleteinit          0000000140059840 f   ufile2f.obj
 0001:000588a0       uxdelsubftp                00000001400598a0 f   ufile2f.obj
 0001:00058d70       errtoolongname             0000000140059d70 f   ufile2f.obj
 0001:00058db0       ufile3                     0000000140059db0 f   ufile3.obj
 0001:00058dc0       invalidtargetfilename      0000000140059dc0 f   ufile3.obj
 0001:00058df0       uxcopy                     0000000140059df0 f   ufile3.obj
 0001:000596c0       ufilecreateparmproc        000000014005a6c0 f   ufile3.obj
 0001:00059ad0       ufilecpymvflags            000000014005aad0 f   ufile3.obj
 0001:00059c50       ufilewildcopy              000000014005ac50 f   ufile3.obj
 0001:00059e50       ucopysub_slinktarget       000000014005ae50 f   ufile3.obj
 0001:00059fd0       ucopysub_slink             000000014005afd0 f   ufile3.obj
 0001:0005a350       ucopysub                   000000014005b350 f   ufile3.obj
 0001:0005a8a0       udoscopy                   000000014005b8a0 f   ufile3.obj
 0001:0005aab0       uxmove                     000000014005bab0 f   ufile3.obj
 0001:0005b020       ufilewildmove              000000014005c020 f   ufile3.obj
 0001:0005b1c0       umovesub_slink             000000014005c1c0 f   ufile3.obj
 0001:0005b720       umovesub                   000000014005c720 f   ufile3.obj
 0001:0005bc20       ufilecopytschk             000000014005cc20 f   ufile3.obj
 0001:0005bd60       filetime2dosdatetime       000000014005cd60 f   ufile3.obj
 0001:0005be40       ufilechkslinkpath          000000014005ce40 f   ufile3.obj
 0001:0005c0a0       ufilegetslinkfinaltarget   000000014005d0a0 f   ufile3.obj
 0001:0005c290       ufileerrdirandfile         000000014005d290 f   ufile3.obj
 0001:0005c2d0       ufileerrslinktarget        000000014005d2d0 f   ufile3.obj
 0001:0005c310       ufileerrslinkappend        000000014005d310 f   ufile3.obj
 0001:0005c350       ufileerrnotargetslink      000000014005d350 f   ufile3.obj
 0001:0005c3a0       uftpxmove                  000000014005d3a0 f   ufile3f.obj
 0001:0005c550       uftpxcopy                  000000014005d550 f   ufile3f.obj
 0001:0005c770       uftpxcopyr2r               000000014005d770 f   ufile3f.obj
 0001:0005c960       uftpupload                 000000014005d960 f   ufile3f.obj
 0001:0005d050       uftpdownload               000000014005e050 f   ufile3f.obj
 0001:0005d600       uftptargetflag             000000014005e600 f   ufile3f.obj
 0001:0005d900       uftpsourceflag             000000014005e900 f   ufile3f.obj
 0001:0005dc00       uftps2tchk                 000000014005ec00 f   ufile3f.obj
 0001:0005e150       uftpcreateparmproc         000000014005f150 f   ufile3f.obj
 0001:0005e490       uftpmoveparmproc           000000014005f490 f   ufile3f.obj
 0001:0005e6c0       uftpupdownctl              000000014005f6c0 f   ufile3f.obj
 0001:0005eeb0       uftpgetdirlist             000000014005feb0 f   ufile3f.obj
 0001:0005f0b0       uftpexistchk1              00000001400600b0 f   ufile3f.obj
 0001:0005f3d0       uftpexistchkm              00000001400603d0 f   ufile3f.obj
 0001:0005f8e0       uftpcopycallback           00000001400608e0 f   ufile3f.obj
 0001:000601d0       uftpcopyrchk               00000001400611d0 f   ufile3f.obj
 0001:00060880       uftpputstmt                0000000140061880 f   ufile3f.obj
 0001:00060980       uftpputstmt2               0000000140061980 f   ufile3f.obj
 0001:00060ac0       uftpcopyftime              0000000140061ac0 f   ufile3f.obj
 0001:00060db0       ufileftpcopytschk          0000000140061db0 f   ufile3f.obj
 0001:00060fc0       uftpmktdir                 0000000140061fc0 f   ufile3f.obj
 0001:00061020       uftperrsourceisroot        0000000140062020 f   ufile3f.obj
 0001:00061050       uftperrtargetisnotdir      0000000140062050 f   ufile3f.obj
 0001:00061080       uftperrdir2file            0000000140062080 f   ufile3f.obj
 0001:000610c0       uftpfileanddir             00000001400620c0 f   ufile3f.obj
 0001:00061110       uftpappenddir2dir          0000000140062110 f   ufile3f.obj
 0001:00061140       ufile4                     0000000140062140 f   ufile4.obj
 0001:00061150       utempnam                   0000000140062150 f   ufile4.obj
 0001:000612b0       ufgetpos                   00000001400622b0 f   ufile4.obj
 0001:000612d0       udirwalk                   00000001400622d0 f   ufile4.obj
 0001:00061870       udirwalksub                0000000140062870 f   ufile4.obj
 0001:000626b0       ufileslinkoutoflinkchk     00000001400636b0 f   ufile4.obj
 0001:00062b50       ufileslinkloopchk          0000000140063b50 f   ufile4.obj
 0001:00062f90       ufileslinkloopchk2         0000000140063f90 f   ufile4.obj
 0001:000630c0       ugetdiskfree               00000001400640c0 f   ufile4.obj
 0001:00063330       ufileisvfat                0000000140064330 f   ufile4.obj
 0001:00063340       ufileisntfs                0000000140064340 f   ufile4.obj
 0001:000634a0       ufsetlock                  00000001400644a0 f   ufile4.obj
 0001:00063560       ufile5                     0000000140064560 f   ufile5.obj
 0001:00063570       ufgetsinit                 0000000140064570 f   ufile5.obj
 0001:00063840       ufgetscurpos               0000000140064840 f   ufile5.obj
 0001:00063850       ufgets_setcurpos           0000000140064850 f   ufile5.obj
 0001:000638a0       ufgets                     00000001400648a0 f   ufile5.obj
 0001:00063b90       ufgetssub                  0000000140064b90 f   ufile5.obj
 0001:00064080       ufgetsbinchk_utf8          0000000140065080 f   ufile5.obj
 0001:00064340       ufgetsbinchk_ebc           0000000140065340 f   ufile5.obj
 0001:000644f0       ufgetsbinchk               00000001400654f0 f   ufile5.obj
 0001:00064950       ugetvfatalias              0000000140065950 f   ufile5.obj
 0001:00064bf0       ufilegenshortfname         0000000140065bf0 f   ufile5.obj
 0001:00064dc0       ufilefnameconv             0000000140065dc0 f   ufile5.obj
 0001:00064f80       ugetshortpathname          0000000140065f80 f   ufile5.obj
 0001:00064fe0       isSameU8c                  0000000140065fe0 f   ufile5.obj
 0001:000652d0       udoseditnameUD             00000001400662d0 f   ufile5.obj
 0001:00065940       udoseditname               0000000140066940 f   ufile5.obj
 0001:00066340       ufileeditname              0000000140067340 f   ufile5.obj
 0001:000666e0       ufilewildcomp              00000001400676e0 f   ufile5.obj
 0001:00066b20       ufilewildcompsub           0000000140067b20 f   ufile5.obj
 0001:00066cc0       ufilecomp                  0000000140067cc0 f   ufile5.obj
 0001:00067180       ufilecomptextmode          0000000140068180 f   ufile5.obj
 0001:00067570       ufilecomptextmodefixed     0000000140068570 f   ufile5.obj
 0001:000677d0       ufilecomptextmodesub       00000001400687d0 f   ufile5.obj
 0001:000678f0       ufreads                    00000001400688f0 f   ufile5.obj
 0001:00067b70       ufgetsVHeader              0000000140068b70 f   ufile5.obj
 0001:00067d90       ufgetsVRecord              0000000140068d90 f   ufile5.obj
 0001:00067ff0       ufgetsV                    0000000140068ff0 f   ufile5.obj
 0001:00068230       ufile5chkvfmt              0000000140069230 f   ufile5.obj
 0001:00068370       ufile5getVfmtstr           0000000140069370 f   ufile5.obj
 0001:00068450       ufseek                     0000000140069450 f   ufile5.obj
 0001:00068490       uftell                     0000000140069490 f   ufile5.obj
 0001:000684c0       fileeditname_copypath      00000001400694c0 f   ufile5.obj
 0001:00068b20       fileeditname_copypath_err  0000000140069b20 f   ufile5.obj
 0001:00068b90       filetouch                  0000000140069b90 f   ufile5.obj
 0001:00068c50       uftpfstatroot              0000000140069c50 f   uftp.obj
 0001:00068e50       uftplshome                 0000000140069e50 f   uftp.obj
 0001:00068f90       uftpfstatudl               0000000140069f90 f   uftp.obj
 0001:00069220       uftpisexist                000000014006a220 f   uftp.obj
 0001:000693d0       uftpopendir                000000014006a3d0 f   uftp.obj
 0001:00069840       uftpreaddir                000000014006a840 f   uftp.obj
 0001:00069980       uftpattrselect             000000014006a980 f   uftp.obj
 0001:00069b00       uftpgetslinkattr           000000014006ab00 f   uftp.obj
 0001:00069ef0       uftpdirlistslink           000000014006aef0 f   uftp.obj
 0001:0006a580       uftpsortslink              000000014006b580 f   uftp.obj
 0001:0006a5d0       uftpslinkcomp              000000014006b5d0 f   uftp.obj
 0001:0006a650       uftpslinklscmd             000000014006b650 f   uftp.obj
 0001:0006aa40       uftplsoutchk               000000014006ba40 f   uftp.obj
 0001:0006ae50       uftpmodtimerchk            000000014006be50 f   uftp.obj
 0001:0006b3a0       uftpmodtimeerr             000000014006c3a0 f   uftp.obj
 0001:0006b3f0       uftplsoutchkslinkerrskip   000000014006c3f0 f   uftp.obj
 0001:0006b500       uftplsoutchkslink          000000014006c500 f   uftp.obj
 0001:0006b5f0       uftpsavehdir               000000014006c5f0 f   uftp.obj
 0001:0006b720       uftpsrchhdir               000000014006c720 f   uftp.obj
 0001:0006b790       uftpclosehdir              000000014006c790 f   uftp.obj
 0001:0006b7f0       uftpmode2attr              000000014006c7f0 f   uftp.obj
 0001:0006b9c0       uftpudl2ffb3               000000014006c9c0 f   uftp.obj
 0001:0006bb70       uftpgetpathname            000000014006cb70 f   uftp.obj
 0001:0006bc10       uftpnodesrch               000000014006cc10 f   uftp.obj
 0001:0006bca0       uftpnodeadd                000000014006cca0 f   uftp.obj
 0001:0006bd50       uftpnodedel                000000014006cd50 f   uftp.obj
 0001:0006bdb0       uftpnodeclear              000000014006cdb0 f   uftp.obj
 0001:0006bdd0       uftpgethostqhaddr          000000014006cdd0 f   uftp.obj
 0001:0006bde0       uftphoststbinit            000000014006cde0 f   uftp.obj
 0001:0006c0a0       uftpgethostsdata           000000014006d0a0 f   uftp.obj
 0001:0006d1e0       uftgetstringopd            000000014006e1e0 f   uftp.obj
 0001:0006d4e0       uftpipachk                 000000014006e4e0 f   uftp.obj
 0001:0006d6c0       uftpisremote               000000014006e6c0 f   uftp.obj
 0001:0006d840       uftpisrootdir              000000014006e840 f   uftp.obj
 0001:0006d8b0       uftphostscrypt             000000014006e8b0 f   uftp.obj
 0001:0006db50       uftptempnam                000000014006eb50 f   uftp.obj
 0001:0006dbd0       uftp_mempswd               000000014006ebd0 f   uftp.obj
 0001:0006dc60       uftp_udirlist_setname      000000014006ec60 f   uftp.obj
 0001:0006dff0       uftpinit                   000000014006eff0 f   uftp2.obj
 0001:0006e100       uftpterm                   000000014006f100 f   uftp2.obj
 0001:0006e140       uftplog                    000000014006f140 f   uftp2.obj
 0001:0006e510       uftpnodeinit               000000014006f510 f   uftp2.obj
 0001:0006e710       uftpcmd                    000000014006f710 f   uftp2.obj
 0001:0006ed70       uftpcmdrespchk             000000014006fd70 f   uftp2.obj
 0001:0006eed0       uftpcmdresphdrchk          000000014006fed0 f   uftp2.obj
 0001:0006efd0       uftpcmdsrchrespid          000000014006ffd0 f   uftp2.obj
 0001:0006f1f0       uftpsimplerespchk          00000001400701f0 f   uftp2.obj
 0001:0006f2c0       uftpnextstdo               00000001400702c0 f   uftp2.obj
 0001:0006f390       uftpsrchfname              0000000140070390 f   uftp2.obj
 0001:0006f520       uftpsrchfnameslink         0000000140070520 f   uftp2.obj
 0001:0006f780       uftpgetdl                  0000000140070780 f   uftp2.obj
 0001:0006fa70       uftpgetdl1                 0000000140070a70 f   uftp2.obj
 0001:00070100       uftpgetmode                0000000140071100 f   uftp2.obj
 0001:00070430       uftpgetdlftime             0000000140071430 f   uftp2.obj
 0001:000705c0       uftpgetmonth               00000001400715c0 f   uftp2.obj
 0001:00070620       uftpgetwday                0000000140071620 f   uftp2.obj
 0001:00070680       uftpajustjst               0000000140071680 f   uftp2.obj
 0001:000708e0       uftpmktempwd               00000001400718e0 f   uftp2.obj
 0001:00070930       uftpdeltempwd              0000000140071930 f   uftp2.obj
 0001:00070980       uftp3setssh                0000000140071980 f   uftp3.obj
 0001:00070c30       uftp3editpsftpcmd          0000000140071c30 f   uftp3.obj
 0001:00070d40       uftp3cmdrespchk            0000000140071d40 f   uftp3.obj
 0001:00070e60       uftp3cmdresphdrchk         0000000140071e60 f   uftp3.obj
 0001:00070f90       uftp3srchcmdecho           0000000140071f90 f   uftp3.obj
 0001:000710e0       uftp3gethomesub            00000001400720e0 f   uftp3.obj
 0001:00071230       uftp3simplerespchk         0000000140072230 f   uftp3.obj
 0001:000713b0       uftp3simplerespchkOK       00000001400723b0 f   uftp3.obj
 0001:00071550       uftp3simplerespchkCHNG     0000000140072550 f   uftp3.obj
 0001:000716e0       uftp3lchdirrespchk         00000001400726e0 f   uftp3.obj
 0001:00071750       uftp3getputrespchk         0000000140072750 f   uftp3.obj
 0001:00071890       uftp3cdrespchk             0000000140072890 f   uftp3.obj
 0001:000719c0       uftp3setsmb                00000001400729c0 f   uftp3.obj
 0001:00071a20       uftp3smb_setcmd            0000000140072a20 f   uftp3.obj
 0001:00071e30       uftp3smb_editcmdline       0000000140072e30 f   uftp3.obj
 0001:00072170       uftp3smb_nodeinit          0000000140073170 f   uftp3.obj
 0001:00072210       uftp3smbcmd                0000000140073210 f   uftp3.obj
 0001:000722a0       uftp3smb_cmd               00000001400732a0 f   uftp3.obj
 0001:00072760       uftp3smb_chkstatuserr      0000000140073760 f   uftp3.obj
 0001:00072990       uftp3smb_srchresp          0000000140073990 f   uftp3.obj
 0001:00072bd0       uftp3smb_stderrlog         0000000140073bd0 f   uftp3.obj
 0001:00072c60       uftp3smb_getdltime         0000000140073c60 f   uftp3.obj
 0001:00072e20       uftp3smb_getdltimestat     0000000140073e20 f   uftp3.obj
 0001:00072fa0       uftp3smb_setdltime         0000000140073fa0 f   uftp3.obj
 0001:00073120       uftp3smb_getmode           0000000140074120 f   uftp3.obj
 0001:00073250       uftp3smb_getdirlistctr     0000000140074250 f   uftp3.obj
 0001:000732a0       uftp3smb_getdl1            00000001400742a0 f   uftp3.obj
 0001:00073560       uftp3smb_fstatudl          0000000140074560 f   uftp3.obj
 0001:000737d0       uftp3smb_fstatudl_byls     00000001400747d0 f   uftp3.obj
 0001:00073980       uftp3smb_fstatudl_byls_root 0000000140074980 f   uftp3.obj
 0001:000739f0       uftp3smb_lsoutchk          00000001400749f0 f   uftp3.obj
 0001:00073d10       uftp3smb_getdlattr         0000000140074d10 f   uftp3.obj
 0001:00073e20       uftp3smb_fstatdircallback  0000000140074e20 f   uftp3.obj
 0001:000740d0       uftp3smb_fstatdirrchk      00000001400750d0 f   uftp3.obj
 0001:00074560       uftp3smb_fstatoutchk       0000000140075560 f   uftp3.obj
 0001:00074a60       uftp3smb_putstmt           0000000140075a60 f   uftp3.obj
 0001:000750b0       uftp3smb_respchk_srchnext  00000001400760b0 f   uftp3.obj
 0001:00075400       uftp3smb_respchk           0000000140076400 f   uftp3.obj
 0001:00075820       uftp3smb_lchdirrespchk     0000000140076820 f   uftp3.obj
 0001:00075870       uftp3smb_strfname          0000000140076870 f   uftp3.obj
 0001:00075b90       uftp3smb_enclosefnm        0000000140076b90 f   uftp3.obj
 0001:00075cb0       uftp3smb_editcmdparm       0000000140076cb0 f   uftp3.obj
 0001:00075e40       uftp3smb_dirnameforlist    0000000140076e40 f   uftp3.obj
 0001:00075f10       uftp3smb_mode2attr_winsub  0000000140076f10 f   uftp3.obj
 0001:00075f80       uftp3smb_mode2attr_win     0000000140076f80 f   uftp3.obj
 0001:00075fd0       uftp3smb_strattr           0000000140076fd0 f   uftp3.obj
 0001:00076090       uftp3smb_setmod_win        0000000140077090 f   uftp3.obj
 0001:000762b0       ukbd                       00000001400772b0 f   ukbd.obj
 0001:000762c0       ukbd_traceinit             00000001400772c0 f   ukbd.obj
 0001:000762f0       ukbdpeek                   00000001400772f0 f   ukbd.obj
 0001:00076350       ukbdcharin                 0000000140077350 f   ukbd.obj
 0001:00076380       ukbdsetrate                0000000140077380 f   ukbd.obj
 0001:000764b0       ukbdsetstatus              00000001400774b0 f   ukbd.obj
 0001:00076510       ukbd_w95init               0000000140077510 f   ukbdw.obj
 0001:00076660       ukbd_w95read               0000000140077660 f   ukbdw.obj
 0001:00076b40       ukbd_w95getnext            0000000140077b40 f   ukbdw.obj
 0001:00076b80       ukbd_wntread               0000000140077b80 f   ukbdw.obj
 0001:00076dd0       ukbd_w95keyinfo            0000000140077dd0 f   ukbdw.obj
 0001:00076fd0       ukbd_wntkeyinfo            0000000140077fd0 f   ukbdw.obj
 0001:00077530       ukbd_wntkeyinfo_u2m        0000000140078530 f   ukbdw.obj
 0001:000777b0       ukbd_w95shiftconv          00000001400787b0 f   ukbdw.obj
 0001:00077910       ukbd_w95trace              0000000140078910 f   ukbdw.obj
 0001:00077bb0       ugetconsolemode            0000000140078bb0 f   ukbdw.obj
 0001:00077c80       usetconsolemode            0000000140078c80 f   ukbdw.obj
 0001:00077d30       usetconsolemode2           0000000140078d30 f   ukbdw.obj
 0001:00077e70       ureadconsoleinput          0000000140078e70 f   ukbdw.obj
 0001:00077f70       upeekconsoleinput          0000000140078f70 f   ukbdw.obj
 0001:00078040       ugetinputeventno           0000000140079040 f   ukbdw.obj
 0001:00078080       ukbd_w95traceinit          0000000140079080 f   ukbdw.obj
 0001:000780d0       ukbd_w95setstatus          00000001400790d0 f   ukbdw.obj
 0001:00078130       ukbd_w95forcent            0000000140079130 f   ukbdw.obj
 0001:00078150       ukbd_wcinit                0000000140079150 f   ukbdw.obj
 0001:000781e0       ukbd_u2m                   00000001400791e0 f   ukbdw.obj
 0001:00078270       ukbd_simutf8_f2l           0000000140079270 f   ukbdw.obj
 0001:00078390       uchksum                    0000000140079390 f   umiscf.obj
 0001:000785a0       uaddc                      00000001400795a0 f   umiscf.obj
 0001:000785e0       uwin_enablecountoutput     00000001400795e0 f   umiscf.obj
 0001:00078600       uparsein                   0000000140079600 f   uparse.obj
 0001:000788b0       uparseindir                00000001400798b0 f   uparse.obj
 0001:00078a30       uparsev                    0000000140079a30 f   uparse.obj
 0001:00078c00       uparse2                    0000000140079c00 f   uparse.obj
[...]
 0001:0026a7de       __catch$?AddValue@CRegParser@ATL@@IEAAJAEAVCRegKey@2@PEBDPEAD@Z$0 000000014026b7de f   wxe.obj
 0001:0026a7f0       ?dtor$1@?0??AddValue@CRegParser@ATL@@IEAAJAEAVCRegKey@2@PEBDPEAD@Z@4HA 000000014026b7f0 f   wxe.obj
 0001:0026a810       ?dtor$2@?0??AddValue@CRegParser@ATL@@IEAAJAEAVCRegKey@2@PEBDPEAD@Z@4HA 000000014026b810 f   wxe.obj
 0001:0026a830       ?catch$1@?0??AddValue@CRegParser@ATL@@IEAAJAEAVCRegKey@2@PEBDPEAD@Z@4HA 000000014026b830 f   wxe.obj
 0001:0026a83e       __catch$?AddValue@CRegParser@ATL@@IEAAJAEAVCRegKey@2@PEBDPEAD@Z$2 000000014026b83e f   wxe.obj
 0001:0026a850       ?dtor$0@?0???0CRegObject@ATL@@QEAA@XZ@4HA 000000014026b850 f   wxe.obj
 0001:0026a870       ?dtor$0@?0??ResourceRegister@CRegObject@ATL@@QEAAJPEB_WI0@Z@4HA 000000014026b870 f   wxe.obj
 0001:0026a870       ?dtor$0@?0??ResourceUnregister@CRegObject@ATL@@QEAAJPEB_WI0@Z@4HA 000000014026b870 f   wxe.obj
 0001:0026a890       ?dtor$0@?0??InternalSetAtIndex@?$CSimpleMap@PEADPEA_WVCExpansionVectorEqualHelper@ATL@@@ATL@@QEAAXHAEBQEADAEBQEA_W@Z@4HA 000000014026b890 f   wxe.obj
 0001:0026a8c0       ?dtor$1@?0??InternalSetAtIndex@?$CSimpleMap@PEADPEA_WVCExpansionVectorEqualHelper@ATL@@@ATL@@QEAAXHAEBQEADAEBQEA_W@Z@4HA 000000014026b8c0 f   wxe.obj
 0001:0026a8f0       ?dtor$0@?0???0CWxedlg@@QEAA@PEAVCWindow@ATL@@PEAVCWxemain@@@Z@4HA 000000014026b8f0 f   wxedlg.obj
 0001:0026a910       ?dtor$0@?0??OnOK@CWxedlg@@MEAAXXZ@4HA 000000014026b910 f   wxedlg.obj
 0001:0026a930       ?dtor$1@?0??OnOK@CWxedlg@@MEAAXXZ@4HA 000000014026b930 f   wxedlg.obj
 0001:0026a950       ?dtor$2@?0??OnOK@CWxedlg@@MEAAXXZ@4HA 000000014026b950 f   wxedlg.obj
 0001:0026a970       ?dtor$3@?0??OnOK@CWxedlg@@MEAAXXZ@4HA 000000014026b970 f   wxedlg.obj
 0001:0026a990       ?dtor$4@?0??OnOK@CWxedlg@@MEAAXXZ@4HA 000000014026b990 f   wxedlg.obj
 0001:0026a9b0       ?dtor$5@?0??OnOK@CWxedlg@@MEAAXXZ@4HA 000000014026b9b0 f   wxedlg.obj
 0001:0026a9d0       ?dtor$6@?0??OnOK@CWxedlg@@MEAAXXZ@4HA 000000014026b9d0 f   wxedlg.obj
 0001:0026a9f0       ?dtor$7@?0??OnOK@CWxedlg@@MEAAXXZ@4HA 000000014026b9f0 f   wxedlg.obj
 0001:0026aa10       ?dtor$8@?0??OnOK@CWxedlg@@MEAAXXZ@4HA 000000014026ba10 f   wxedlg.obj
 0001:0026aa30       ?dtor$9@?0??OnOK@CWxedlg@@MEAAXXZ@4HA 000000014026ba30 f   wxedlg.obj
 0001:0026aa50       ?dtor$10@?0??OnOK@CWxedlg@@MEAAXXZ@4HA 000000014026ba50 f   wxedlg.obj
 0001:0026aa80       ?dtor$0@?0??OnInitDialog@CWxedlg@@MEAAHXZ@4HA 000000014026ba80 f   wxedlg.obj
 0001:0026aaa0       ?dtor$1@?0??OnInitDialog@CWxedlg@@MEAAHXZ@4HA 000000014026baa0 f   wxedlg.obj
 0001:0026aac0       ?dtor$2@?0??OnInitDialog@CWxedlg@@MEAAHXZ@4HA 000000014026bac0 f   wxedlg.obj
 0001:0026aaf0       ?dtor$0@?0??OnSelchangeComboStyle@CWxedlg@@IEAAXXZ@4HA 000000014026baf0 f   wxedlg.obj
 0001:0026ab10       ?dtor$0@?0??OnSelchangeComboCharset@CWxedlg@@IEAAXXZ@4HA 000000014026bb10 f   wxedlg.obj
 0001:0026ab40       ?dtor$0@?0??displaycolor@CWxedlg@@AEAAXXZ@4HA 000000014026bb40 f   wxedlg.obj
 0001:0026ab60       ?dtor$1@?0??displaycolor@CWxedlg@@AEAAXXZ@4HA 000000014026bb60 f   wxedlg.obj
 0001:0026ab80       ?dtor$2@?0??displaycolor@CWxedlg@@AEAAXXZ@4HA 000000014026bb80 f   wxedlg.obj
 0001:0026aba0       ?dtor$0@?0??displayfont@CWxedlg@@AEAAXXZ@4HA 000000014026bba0 f   wxedlg.obj
 0001:0026abc0       ?dtor$1@?0??displayfont@CWxedlg@@AEAAXXZ@4HA 000000014026bbc0 f   wxedlg.obj
 0001:0026abe0       ?dtor$2@?0??displayfont@CWxedlg@@AEAAXXZ@4HA 000000014026bbe0 f   wxedlg.obj
 0001:0026ac00       ?dtor$3@?0??displayfont@CWxedlg@@AEAAXXZ@4HA 000000014026bc00 f   wxedlg.obj
 0001:0026ac30       ?dtor$0@?0??OnPaint@CWxedlg@@IEAAXXZ@4HA 000000014026bc30 f   wxedlg.obj
 0001:0026ac50       ?dtor$0@?0???1CWxedlg@@UEAA@XZ@4HA 000000014026bc50 f   wxedlg.obj
 0001:0026ac70       ?dtor$0@?0???1CPaintDC@WTL@@QEAA@XZ@4HA 000000014026bc70 f   wxedlg.obj
 0001:0026ac90       ?dtor$0@?0???0CWxeDoc@@QEAA@XZ@4HA 000000014026bc90 f   wxedoc.obj
 0001:0026acb0       ?dtor$0@?0???0CWxemain@@QEAA@XZ@4HA 000000014026bcb0 f   wxemain.obj
 0001:0026acd0       ?dtor$1@?0???0CWxemain@@QEAA@XZ@4HA 000000014026bcd0 f   wxemain.obj
 0001:0026acf0       ?dtor$2@?0???0CWxemain@@QEAA@XZ@4HA 000000014026bcf0 f   wxemain.obj
 0001:0026ad10       ?dtor$3@?0???0CWxemain@@QEAA@XZ@4HA 000000014026bd10 f   wxemain.obj
 0001:0026ad40       ?dtor$0@?0???1CWxemain@@QEAA@XZ@4HA 000000014026bd40 f   wxemain.obj
 0001:0026ad60       ?dtor$1@?0???1CWxemain@@QEAA@XZ@4HA 000000014026bd60 f   wxemain.obj
 0001:0026ad80       ?dtor$2@?0???1CWxemain@@QEAA@XZ@4HA 000000014026bd80 f   wxemain.obj
 0001:0026ada0       ?dtor$3@?0???1CWxemain@@QEAA@XZ@4HA 000000014026bda0 f   wxemain.obj
 0001:0026add0       ?dtor$0@?0??init@CWxemain@@QEAAHPEAVCWxeView@@@Z@4HA 000000014026bdd0 f   wxemain.obj
 0001:0026adf0       ?dtor$0@?0???0EnumFORMATETC@@QEAA@AEBV?$vector@UtagFORMATETC@@V?$allocator@UtagFORMATETC@@@std@@@std@@@Z@4HA 000000014026bdf0 f   wxemouse.obj
 0001:0026ae20       ?dtor$0@?0???0EnumFORMATETC@@QEAA@AEBV?$vector@PEAUtagFORMATETC@@V?$allocator@PEAUtagFORMATETC@@@std@@@std@@@Z@4HA 000000014026be20 f   wxemouse.obj
 0001:0026ae50       ?dtor$0@?0??EnumFormatEtc@DataObject@@UEAAJKPEAPEAUIEnumFORMATETC@@@Z@4HA 000000014026be50 f   wxemouse.obj
 0001:0026ae70       ?dtor$0@?0??mouserbdown@CWxemain@@QEAAXIVCPoint@WTL@@@Z@4HA 000000014026be70 f   wxemouse.obj
 0001:0026ae90       ?dtor$0@?0??dragoutfile@@YAHPEAX@Z@4HA 000000014026be90 f   wxemouse.obj
 0001:0026aeb0       ?dtor$1@?0??dragoutfile@@YAHPEAX@Z@4HA 000000014026beb0 f   wxemouse.obj
 0001:0026aed0       ?dtor$0@?0???1?$vector@UtagFORMATETC@@V?$allocator@UtagFORMATETC@@@std@@@std@@QEAA@XZ@4HA 000000014026bed0 f   wxemouse.obj
 0001:0026aef0       ?catch$0@?0??reserve@?$vector@UtagFORMATETC@@V?$allocator@UtagFORMATETC@@@std@@@std@@QEAAX_K@Z@4HA 000000014026bef0 f   wxemouse.obj
 0001:0026aefd       __catch$?reserve@?$vector@UtagFORMATETC@@V?$allocator@UtagFORMATETC@@@std@@@std@@QEAAX_K@Z$0 000000014026befd f   wxemouse.obj
 0001:0026af30       ?dtor$0@?0???$_Construct@UtagFORMATETC@@AEBU1@@std@@YAXPEAUtagFORMATETC@@AEBU1@@Z@4HA 000000014026bf30 f   wxemouse.obj
 0001:0026af50       ?catch$0@?0???$_Uninit_move@PEAUtagFORMATETC@@PEAU1@V?$allocator@UtagFORMATETC@@@std@@U1@@std@@YAPEAUtagFORMATETC@@PEAU1@00AEAV?$allocator@UtagFORMATETC@@@0@0U_Nonscalar_ptr_iterator_tag@0@@Z@4HA 000000014026bf50 f   wxemouse.obj
 0001:0026af5d       __catch$??$_Uninit_move@PEAUtagFORMATETC@@PEAU1@V?$allocator@UtagFORMATETC@@@std@@U1@@std@@YAPEAUtagFORMATETC@@PEAU1@00AEAV?$allocator@UtagFORMATETC@@@0@0U_Nonscalar_ptr_iterator_tag@0@@Z$0 000000014026bf5d f   wxemouse.obj
 0001:0026afa0       ?dtor$0@?0???$construct@AEAUtagFORMATETC@@@?$allocator@UtagFORMATETC@@@std@@QEAAXPEAUtagFORMATETC@@AEAU2@@Z@4HA 000000014026bfa0 f   wxemouse.obj
 0001:0026afa0       ?dtor$0@?0??construct@?$allocator@UtagFORMATETC@@@std@@QEAAXPEAUtagFORMATETC@@$$QEAU3@@Z@4HA 000000014026bfa0 f   wxemouse.obj
 0001:0026afc0       ?dtor$0@?0???0CWxepage@@QEAA@PEAVCWindow@ATL@@PEAVCWxemain@@@Z@4HA 000000014026bfc0 f   wxepage.obj
 0001:0026aff0       ?dtor$0@?0??displayform@CWxepage@@AEAAXH@Z@4HA 000000014026bff0 f   wxepage.obj
 0001:0026b010       ?dtor$1@?0??displayform@CWxepage@@AEAAXH@Z@4HA 000000014026c010 f   wxepage.obj
 0001:0026b030       ?dtor$2@?0??displayform@CWxepage@@AEAAXH@Z@4HA 000000014026c030 f   wxepage.obj
 0001:0026b050       ?dtor$0@?0??printdlg@CWxemain@@QEAAHXZ@4HA 000000014026c050 f   wxeprt.obj
 0001:0026b070       ?dtor$0@?0??printpage@CWxemain@@QEAA_NIPEAUHDC__@@@Z@4HA 000000014026c070 f   wxeprt.obj
 0001:0026b090       ?dtor$0@?0??StartHelper@CPrintJob@WTL@@QEAA_NXZ@4HA 000000014026c090 f   wxeprt.obj
 0001:0026b0b0       ?dtor$0@?0??CopyToHDEVNAMES@?$CPrinterT@$00@WTL@@QEBAPEAXXZ@4HA 000000014026c0b0 f   wxeprt.obj
 0001:0026b0d0       ?dtor$1@?0??CopyToHDEVNAMES@?$CPrinterT@$00@WTL@@QEBAPEAXXZ@4HA 000000014026c0d0 f   wxeprt.obj
 0001:0026b0f0       ?dtor$0@?0??CreatePrinterDC@?$CPrinterT@$0A@@WTL@@QEBAPEAUHDC__@@PEBU_devicemodeA@@@Z@4HA 000000014026c0f0 f   wxeprt.obj
 0001:0026b110       ?dtor$1@?0??CreatePrinterDC@?$CPrinterT@$0A@@WTL@@QEBAPEAUHDC__@@PEBU_devicemodeA@@@Z@4HA 000000014026c110 f   wxeprt.obj
 0001:0026b130       ?dtor$0@?0??CopyFromPrinter@?$CDevModeT@$00@WTL@@QEAA_NPEAX@Z@4HA 000000014026c130 f   wxeprt.obj
 0001:0026b150       ?catch$0@?0??GetPrinterInfoHelper@?$CPrinterInfo@$01@WTL@@SA_NPEAXPEAPEAEH@Z@4HA 000000014026c150 f   wxeprt.obj
 0001:0026b150       ?catch$0@?0??GetPrinterInfoHelper@?$CPrinterInfo@$04@WTL@@SA_NPEAXPEAPEAEH@Z@4HA 000000014026c150 f   wxeprt.obj
 0001:0026b15d       __catch$?GetPrinterInfoHelper@?$CPrinterInfo@$04@WTL@@SA_NPEAXPEAPEAEH@Z$0 000000014026c15d f   wxeprt.obj
 0001:0026b15d       __catch$?GetPrinterInfoHelper@?$CPrinterInfo@$01@WTL@@SA_NPEAXPEAPEAEH@Z$0 000000014026c15d f   wxeprt.obj
 0001:0026b170       ?dtor$0@?0??scrinit@CWxemain@@AEAAXXZ@4HA 000000014026c170 f   wxescr.obj
 0001:0026b190       ?dtor$1@?0??scrinit@CWxemain@@AEAAXXZ@4HA 000000014026c190 f   wxescr.obj
 0001:0026b1b0       ?dtor$0@?0??scrbgrect@CWxemain@@AEAAXPEAV?$CDCT@$00@WTL@@@Z@4HA 000000014026c1b0 f   wxescr.obj
 0001:0026b1d0       ?dtor$1@?0??scrbgrect@CWxemain@@AEAAXPEAV?$CDCT@$00@WTL@@@Z@4HA 000000014026c1d0 f   wxescr.obj
 0001:0026b1f0       ?dtor$2@?0??scrbgrect@CWxemain@@AEAAXPEAV?$CDCT@$00@WTL@@@Z@4HA 000000014026c1f0 f   wxescr.obj
 0001:0026b210       ?dtor$0@?0??strput@CWxemain@@AEAAHPEAV?$CDCT@$00@WTL@@HHHHGHH@Z@4HA 000000014026c210 f   wxescr.obj
 0001:0026b240       ?dtor$0@?0??createfontsub@CWxemain@@QEAAPEAV?$CFontT@$00@WTL@@HPEADHHHH@Z@4HA 000000014026c240 f   wxescr.obj
 0001:0026b260       ?dtor$0@?0???0CWxeView@@QEAA@XZ@4HA 000000014026c260 f   wxeview.obj
 0001:0026b280       ?dtor$0@?0???1CWxeView@@UEAA@XZ@4HA 000000014026c280 f   wxeview.obj
 0001:0026b2a0       ?dtor$1@?0???1CWxeView@@UEAA@XZ@4HA 000000014026c2a0 f   wxeview.obj
 0001:0026b2d0       ?dtor$0@?0??OnPaint@CWxeView@@UEAAXPEAUHDC__@@@Z@4HA 000000014026c2d0 f   wxeview.obj
 0001:0026b2f0       ?dtor$0@?0??OnCreate@CWxeView@@QEAAHPEAUtagCREATESTRUCTA@@@Z@4HA 000000014026c2f0 f   wxeview.obj
 0001:0026b310       ?dtor$0@?0??OnFont@CWxeView@@QEAAXXZ@4HA 000000014026c310 f   wxeview.obj
 0001:0026b330       ?dtor$0@?0??OnPageSetup@CWxeView@@QEAAXXZ@4HA 000000014026c330 f   wxeview.obj
 0001:0026b350       ?dtor$0@?0??OnEditClearW@CWxeView@@QEAAXIHPEAUHWND__@@@Z@4HA 000000014026c350 f   wxeview.obj
 0001:0026b350       ?dtor$0@?0??OnInitMenuW@CMainFrame@@IEAAXPEAUHMENU__@@@Z@4HA 000000014026c350 f   wxeview.obj
 0001:0026b350       ?dtor$0@?0??EndPrintJob@CMainFrame@@EEAAXPEAUHDC__@@_N@Z@4HA 000000014026c350 f   wxeview.obj
 0001:0026b350       ?dtor$0@?0??OnEditPasteW@CWxeView@@QEAAXIHPEAUHWND__@@@Z@4HA 000000014026c350 f   wxeview.obj
 0001:0026b350       ?dtor$0@?0??OnFileOpenwithW@CWxeView@@QEAAXIHPEAUHWND__@@@Z@4HA 000000014026c350 f   wxeview.obj
 0001:0026b350       ?dtor$0@?0??OnEditPasteStdW@CWxeView@@QEAAXIHPEAUHWND__@@@Z@4HA 000000014026c350 f   wxeview.obj
 0001:0026b350       ?dtor$0@?0??OnEditCopyW@CWxeView@@QEAAXIHPEAUHWND__@@@Z@4HA 000000014026c350 f   wxeview.obj
 0001:0026b350       ?dtor$0@?0??BeginPrintJob@CMainFrame@@EEAAXPEAUHDC__@@@Z@4HA 000000014026c350 f   wxeview.obj
 0001:0026b350       ?dtor$0@?0??OnEditCutW@CWxeView@@QEAAXIHPEAUHWND__@@@Z@4HA 000000014026c350 f   wxeview.obj
 0001:0026b350       ?dtor$0@?0??OnEditPasteRepW@CWxeView@@QEAAXIHPEAUHWND__@@@Z@4HA 000000014026c350 f   wxeview.obj
 0001:0026b370       ?dtor$0@?0???$AtlModuleRegisterWndClassInfoT@VAtlModuleRegisterWndClassInfoParamA@ATL@@@ATL@@YAGPEAU_ATL_BASE_MODULE70@0@PEAU_ATL_WIN_MODULE70@0@PEAU_ATL_WNDCLASSINFOA@0@PEAP6A_JPEAUHWND__@@I_K_J@ZVAtlModuleRegisterWndClassInfoParamA@0@@Z@4HA 000000014026c370 f   wxeview.obj
 0001:0026b390       ?dtor$0@?0??InternalSetAtIndex@?$CSimpleArray@GV?$CSimpleArrayEqualHelper@G@ATL@@@ATL@@QEAAXHAEBG@Z@4HA 000000014026c390 f   wxeview.obj
 0001:0026b3ba       printf$fin$0               000000014026c3ba f   LIBCMT:printf.obj
 0001:0026b3e1       fprintf$fin$0              000000014026c3e1 f   LIBCMT:fprintf.obj
 0001:0026b3e1       _wfsopen$fin$0             000000014026c3e1 f   LIBCMT:fprintf.obj
 0001:0026b3fb       doexit$fin$0               000000014026c3fb f   LIBCMT:crt0dat.obj
 0001:0026b41f       fgets$fin$0                000000014026c41f f   LIBCMT:fgets.obj
 0001:0026b439       fread_s$fin$0              000000014026c439 f   LIBCMT:fread.obj
 0001:0026b453       setlocale$fin$1            000000014026c453 f   LIBCMT:setlocal.obj
 0001:0026b473       setlocale$fin$0            000000014026c473 f   LIBCMT:setlocal.obj
 0001:0026b493       setlocale$fin$2            000000014026c493 f   LIBCMT:setlocal.obj
 0001:0026b4ae       fputs$fin$0                000000014026c4ae f   LIBCMT:fputs.obj
 0001:0026b4c8       _rmtmp$fin$0               000000014026c4c8 f   LIBCMT:fflush.obj
 0001:0026b4c8       flsall$fin$0               000000014026c4c8 f   LIBCMT:fflush.obj
 0001:0026b4f8       _rmtmp$fin$1               000000014026c4f8 f   LIBCMT:fflush.obj
 0001:0026b4f8       flsall$fin$1               000000014026c4f8 f   LIBCMT:fflush.obj
 0001:0026b513       _getch$fin$0               000000014026c513 f   LIBCMT:getch.obj
 0001:0026b513       _kbhit$fin$0               000000014026c513 f   LIBCMT:getch.obj
 0001:0026b513       _getche$fin$0              000000014026c513 f   LIBCMT:getch.obj
 0001:0026b52e       _fsopen$fin$0              000000014026c52e f   LIBCMT:fwprintf.obj
 0001:0026b52e       fwprintf$fin$0             000000014026c52e f   LIBCMT:fwprintf.obj
 0001:0026b548       fseek$fin$0                000000014026c548 f   LIBCMT:fseek.obj
 0001:0026b548       _ftelli64$fin$0            000000014026c548 f   LIBCMT:fseek.obj
 0001:0026b548       ftell$fin$0                000000014026c548 f   LIBCMT:fseek.obj
 0001:0026b548       fclose$fin$0               000000014026c548 f   LIBCMT:fseek.obj
 0001:0026b548       fflush$fin$0               000000014026c548 f   LIBCMT:fseek.obj
 0001:0026b548       _fseeki64$fin$0            000000014026c548 f   LIBCMT:fseek.obj
 0001:0026b562       _dup2$fin$0                000000014026c562 f   LIBCMT:dup2.obj
 0001:0026b583       _dup_nolock$fin$0          000000014026c583 f   LIBCMT:dup.obj
 0001:0026b5d1       _pipe$fin$1                000000014026c5d1 f   LIBCMT:pipe.obj
 0001:0026b5f1       _pipe$fin$0                000000014026c5f1 f   LIBCMT:pipe.obj
 0001:0026b60d       vfprintf_helper$fin$0      000000014026c60d f   LIBCMT:vfprintf.obj
 0001:0026b60d       fwrite$fin$0               000000014026c60d f   LIBCMT:vfprintf.obj
 0001:0026b627       _CallSETranslator$filt$0   000000014026c627 f   LIBCMT:trnsctrl.obj
 0001:0026b66d       _onexit$fin$0              000000014026c66d f   LIBCMT:onexit.obj
 0001:0026b683       _callthreadstart$filt$0    000000014026c683 f   LIBCMT:threadex.obj
 0001:0026b683       _callthreadstartex$filt$0  000000014026c683 f   LIBCMT:threadex.obj
 0001:0026b683       __tmainCRTStartup$filt$0   000000014026c683 f   LIBCMT:threadex.obj
 0001:0026b6a1       _tempnam$fin$0             000000014026c6a1 f   LIBCMT:tempnam.obj
 0001:0026b6a1       _wtempnam$fin$0            000000014026c6a1 f   LIBCMT:tempnam.obj
 0001:0026b6bc       _setmbcp$fin$0             000000014026c6bc f   LIBCMT:mbctype.obj
 0001:0026b6bc       __updatetmbcinfo$fin$0     000000014026c6bc f   LIBCMT:mbctype.obj
 0001:0026b6d7       __updatetlocinfo$fin$0     000000014026c6d7 f   LIBCMT:localref.obj
 0001:0026b6f2       _initptd$fin$1             000000014026c6f2 f   LIBCMT:tidtable.obj
 0001:0026b6f2       _freefls$fin$1             000000014026c6f2 f   LIBCMT:tidtable.obj
 0001:0026b712       _initptd$fin$0             000000014026c712 f   LIBCMT:tidtable.obj
 0001:0026b712       _freefls$fin$0             000000014026c712 f   LIBCMT:tidtable.obj
 0001:0026b72d       _mtinitlocknum$fin$0       000000014026c72d f   LIBCMT:mlock.obj
 0001:0026b74b       raise$fin$0                000000014026c74b f   LIBCMT:winsig.obj
 0001:0026b770       _IsNonwritableInCurrentImage$filt$0 000000014026c770 f   LIBCMT:pesect.obj
 0001:0026b792       _tzset_nolock$fin$0        000000014026c792 f   LIBCMT:tzset.obj
 0001:0026b7ad       __tzset$fin$0              000000014026c7ad f   LIBCMT:tzset.obj
 0001:0026b7ad       _isindst$fin$0             000000014026c7ad f   LIBCMT:tzset.obj
 0001:0026b7c8       _read$fin$0                000000014026c7c8 f   LIBCMT:lseek.obj
 0001:0026b7c8       _lseeki64$fin$0            000000014026c7c8 f   LIBCMT:lseek.obj
 0001:0026b7c8       _write$fin$0               000000014026c7c8 f   LIBCMT:lseek.obj
 0001:0026b7c8       _lseek$fin$0               000000014026c7c8 f   LIBCMT:lseek.obj
 0001:0026b7e1       __lock_fhandle$fin$0       000000014026c7e1 f   LIBCMT:osfinfo.obj
 0001:0026b7fc       _alloc_osfhnd$fin$0        000000014026c7fc f   LIBCMT:osfinfo.obj
 0001:0026b81c       _alloc_osfhnd$fin$1        000000014026c81c f   LIBCMT:osfinfo.obj
 0001:0026b837       _setmode$fin$0             000000014026c837 f   LIBCMT:setmode.obj
 0001:0026b837       _dup$fin$0                 000000014026c837 f   LIBCMT:setmode.obj
 0001:0026b837       _commit$fin$0              000000014026c837 f   LIBCMT:setmode.obj
 0001:0026b837       _close$fin$0               000000014026c837 f   LIBCMT:setmode.obj
 0001:0026b850       _fcloseall$fin$0           000000014026c850 f   LIBCMT:stream.obj
 0001:0026b850       _getstream$fin$0           000000014026c850 f   LIBCMT:stream.obj
 0001:0026b86b       __FrameUnwindToState$filt$0 000000014026c86b f   LIBCMT:frame.obj
 0001:0026b88b       __FrameUnwindToState$fin$1 000000014026c88b f   LIBCMT:frame.obj
 0001:0026b8b4       __DestructExceptionObject$filt$0 000000014026c8b4 f   LIBCMT:frame.obj
 0001:0026b8cc       __CxxCallCatchBlock$filt$0 000000014026c8cc f   LIBCMT:frame.obj
 0001:0026b9cc       __CxxCallCatchBlock$fin$1  000000014026c9cc f   LIBCMT:frame.obj
 0001:0026ba5b       ?fin$0@?0??_Type_info_dtor@type_info@@CAXPEAV1@@Z@4HA 000000014026ca5b f   LIBCMT:typname.obj
 0001:0026ba76       _chdrive$fin$0             000000014026ca76 f   LIBCMT:wgetcwd.obj
 0001:0026ba76       _wgetcwd$fin$0             000000014026ca76 f   LIBCMT:wgetcwd.obj
 0001:0026ba76       _getcwd$fin$0              000000014026ca76 f   LIBCMT:wgetcwd.obj
 0001:0026ba76       getenv$fin$0               000000014026ca76 f   LIBCMT:wgetcwd.obj
 0001:0026ba76       _putenv$fin$0              000000014026ca76 f   LIBCMT:wgetcwd.obj
 0001:0026ba91       _dupenv_s$fin$0            000000014026ca91 f   LIBCMT:wgetenv.obj
 0001:0026ba91       _wdupenv_s$fin$0           000000014026ca91 f   LIBCMT:wgetenv.obj
 0001:0026baac       _open$fin$0                000000014026caac f   LIBCMT:open.obj
 0001:0026bafa       _wsopen_helper$fin$0       000000014026cafa f   LIBCMT:wopen.obj
 0001:0026bafa       _sopen_helper$fin$0        000000014026cafa f   LIBCMT:wopen.obj
 0001:0026bb50       ??__E_Module@@YAXXZ        000000014026cb50 f   wxe.obj
 0001:0026bb74       ??__E_AtlBaseModule@ATL@@YAXXZ 000000014026cb74 f   atls:atlbase.obj
 0001:0026bb94       ??__E_AtlWinModule@ATL@@YAXXZ 000000014026cb94 f   atls:atlbase.obj
 0001:0026bc00       ??__E_AtlComModule@ATL@@YAXXZ 000000014026cc00 f   atls:atlcommodule.obj
 0001:0026bc80       ??__F_Module@@YAXXZ        000000014026cc80 f   wxe.obj
 0001:0026bc98       ??__Fnomem@?5???2@YAPEAX_K@Z@YAXXZ 000000014026cc98 f   LIBCMT:new.obj
 0001:0026bcb4       ??__F_AtlBaseModule@ATL@@YAXXZ 000000014026ccb4 f   atls:atlbase.obj
 0001:0026bcc0       ??__F_AtlWinModule@ATL@@YAXXZ 000000014026ccc0 f   atls:atlbase.obj
 0001:0026bd04       ??__F_AtlComModule@ATL@@YAXXZ 000000014026cd04 f   atls:atlcommodule.obj
